Archive member included to satisfy reference by file (symbol)

C:/ST/STM32CubeIDE_1.14.1/STM32CubeIDE/plugins/com.st.stm32cube.ide.mcu.externaltools.gnu-tools-for-stm32.11.3.rel1.win32_1.1.100.202309141235/tools/bin/../lib/gcc/arm-none-eabi/11.3.1/../../../../arm-none-eabi/lib/thumb/v8-m.main+fp/hard\libc_nano.a(libc_a-exit.o)
                              C:/ST/STM32CubeIDE_1.14.1/STM32CubeIDE/plugins/com.st.stm32cube.ide.mcu.externaltools.gnu-tools-for-stm32.11.3.rel1.win32_1.1.100.202309141235/tools/bin/../lib/gcc/arm-none-eabi/11.3.1/../../../../arm-none-eabi/lib/thumb/v8-m.main+fp/hard/crt0.o (exit)
C:/ST/STM32CubeIDE_1.14.1/STM32CubeIDE/plugins/com.st.stm32cube.ide.mcu.externaltools.gnu-tools-for-stm32.11.3.rel1.win32_1.1.100.202309141235/tools/bin/../lib/gcc/arm-none-eabi/11.3.1/../../../../arm-none-eabi/lib/thumb/v8-m.main+fp/hard\libc_nano.a(libc_a-findfp.o)
                              C:/ST/STM32CubeIDE_1.14.1/STM32CubeIDE/plugins/com.st.stm32cube.ide.mcu.externaltools.gnu-tools-for-stm32.11.3.rel1.win32_1.1.100.202309141235/tools/bin/../lib/gcc/arm-none-eabi/11.3.1/../../../../arm-none-eabi/lib/thumb/v8-m.main+fp/hard\libc_nano.a(libc_a-exit.o) (__stdio_exit_handler)
C:/ST/STM32CubeIDE_1.14.1/STM32CubeIDE/plugins/com.st.stm32cube.ide.mcu.externaltools.gnu-tools-for-stm32.11.3.rel1.win32_1.1.100.202309141235/tools/bin/../lib/gcc/arm-none-eabi/11.3.1/../../../../arm-none-eabi/lib/thumb/v8-m.main+fp/hard\libc_nano.a(libc_a-fwalk.o)
                              C:/ST/STM32CubeIDE_1.14.1/STM32CubeIDE/plugins/com.st.stm32cube.ide.mcu.externaltools.gnu-tools-for-stm32.11.3.rel1.win32_1.1.100.202309141235/tools/bin/../lib/gcc/arm-none-eabi/11.3.1/../../../../arm-none-eabi/lib/thumb/v8-m.main+fp/hard\libc_nano.a(libc_a-findfp.o) (_fwalk_sglue)
C:/ST/STM32CubeIDE_1.14.1/STM32CubeIDE/plugins/com.st.stm32cube.ide.mcu.externaltools.gnu-tools-for-stm32.11.3.rel1.win32_1.1.100.202309141235/tools/bin/../lib/gcc/arm-none-eabi/11.3.1/../../../../arm-none-eabi/lib/thumb/v8-m.main+fp/hard\libc_nano.a(libc_a-sprintf.o)
                              ./Core/Src/main.o (sprintf)
C:/ST/STM32CubeIDE_1.14.1/STM32CubeIDE/plugins/com.st.stm32cube.ide.mcu.externaltools.gnu-tools-for-stm32.11.3.rel1.win32_1.1.100.202309141235/tools/bin/../lib/gcc/arm-none-eabi/11.3.1/../../../../arm-none-eabi/lib/thumb/v8-m.main+fp/hard\libc_nano.a(libc_a-stdio.o)
                              C:/ST/STM32CubeIDE_1.14.1/STM32CubeIDE/plugins/com.st.stm32cube.ide.mcu.externaltools.gnu-tools-for-stm32.11.3.rel1.win32_1.1.100.202309141235/tools/bin/../lib/gcc/arm-none-eabi/11.3.1/../../../../arm-none-eabi/lib/thumb/v8-m.main+fp/hard\libc_nano.a(libc_a-findfp.o) (__sread)
C:/ST/STM32CubeIDE_1.14.1/STM32CubeIDE/plugins/com.st.stm32cube.ide.mcu.externaltools.gnu-tools-for-stm32.11.3.rel1.win32_1.1.100.202309141235/tools/bin/../lib/gcc/arm-none-eabi/11.3.1/../../../../arm-none-eabi/lib/thumb/v8-m.main+fp/hard\libc_nano.a(libc_a-memset.o)
                              C:/ST/STM32CubeIDE_1.14.1/STM32CubeIDE/plugins/com.st.stm32cube.ide.mcu.externaltools.gnu-tools-for-stm32.11.3.rel1.win32_1.1.100.202309141235/tools/bin/../lib/gcc/arm-none-eabi/11.3.1/../../../../arm-none-eabi/lib/thumb/v8-m.main+fp/hard/crt0.o (memset)
C:/ST/STM32CubeIDE_1.14.1/STM32CubeIDE/plugins/com.st.stm32cube.ide.mcu.externaltools.gnu-tools-for-stm32.11.3.rel1.win32_1.1.100.202309141235/tools/bin/../lib/gcc/arm-none-eabi/11.3.1/../../../../arm-none-eabi/lib/thumb/v8-m.main+fp/hard\libc_nano.a(libc_a-closer.o)
                              C:/ST/STM32CubeIDE_1.14.1/STM32CubeIDE/plugins/com.st.stm32cube.ide.mcu.externaltools.gnu-tools-for-stm32.11.3.rel1.win32_1.1.100.202309141235/tools/bin/../lib/gcc/arm-none-eabi/11.3.1/../../../../arm-none-eabi/lib/thumb/v8-m.main+fp/hard\libc_nano.a(libc_a-stdio.o) (_close_r)
C:/ST/STM32CubeIDE_1.14.1/STM32CubeIDE/plugins/com.st.stm32cube.ide.mcu.externaltools.gnu-tools-for-stm32.11.3.rel1.win32_1.1.100.202309141235/tools/bin/../lib/gcc/arm-none-eabi/11.3.1/../../../../arm-none-eabi/lib/thumb/v8-m.main+fp/hard\libc_nano.a(libc_a-reent.o)
                              C:/ST/STM32CubeIDE_1.14.1/STM32CubeIDE/plugins/com.st.stm32cube.ide.mcu.externaltools.gnu-tools-for-stm32.11.3.rel1.win32_1.1.100.202309141235/tools/bin/../lib/gcc/arm-none-eabi/11.3.1/../../../../arm-none-eabi/lib/thumb/v8-m.main+fp/hard\libc_nano.a(libc_a-closer.o) (errno)
C:/ST/STM32CubeIDE_1.14.1/STM32CubeIDE/plugins/com.st.stm32cube.ide.mcu.externaltools.gnu-tools-for-stm32.11.3.rel1.win32_1.1.100.202309141235/tools/bin/../lib/gcc/arm-none-eabi/11.3.1/../../../../arm-none-eabi/lib/thumb/v8-m.main+fp/hard\libc_nano.a(libc_a-impure.o)
                              C:/ST/STM32CubeIDE_1.14.1/STM32CubeIDE/plugins/com.st.stm32cube.ide.mcu.externaltools.gnu-tools-for-stm32.11.3.rel1.win32_1.1.100.202309141235/tools/bin/../lib/gcc/arm-none-eabi/11.3.1/../../../../arm-none-eabi/lib/thumb/v8-m.main+fp/hard\libc_nano.a(libc_a-sprintf.o) (_impure_ptr)
[...]
Memory Configuration

Name             Origin             Length             Attributes
RAM              0x0000000020000000 0x00000000000c0000 xrw
SRAM4            0x0000000028000000 0x0000000000004000 xrw
FLASH            0x0000000008000000 0x0000000000200000 xr
*default*        0x0000000000000000 0xffffffffffffffff

Linker script and memory map

LOAD C:/ST/STM32CubeIDE_1.14.1/STM32CubeIDE/plugins/com.st.stm32cube.ide.mcu.externaltools.gnu-tools-for-stm32.11.3.rel1.win32_1.1.100.202309141235/tools/bin/../lib/gcc/arm-none-eabi/11.3.1/thumb/v8-m.main+fp/hard/crti.o
LOAD C:/ST/STM32CubeIDE_1.14.1/STM32CubeIDE/plugins/com.st.stm32cube.ide.mcu.externaltools.gnu-tools-for-stm32.11.3.rel1.win32_1.1.100.202309141235/tools/bin/../lib/gcc/arm-none-eabi/11.3.1/thumb/v8-m.main+fp/hard/crtbegin.o
LOAD C:/ST/STM32CubeIDE_1.14.1/STM32CubeIDE/plugins/com.st.stm32cube.ide.mcu.externaltools.gnu-tools-for-stm32.11.3.rel1.win32_1.1.100.202309141235/tools/bin/../lib/gcc/arm-none-eabi/11.3.1/../../../../arm-none-eabi/lib/thumb/v8-m.main+fp/hard/crt0.o
LOAD ./Core/Src/adc.o
LOAD ./Core/Src/gpio.o
LOAD ./Core/Src/i2c.o
LOAD ./Core/Src/icache.o
LOAD ./Core/Src/main.o
LOAD ./Core/Src/memorymap.o
LOAD ./Core/Src/rtc.o
LOAD ./Core/Src/sdmmc.o
LOAD ./Core/Src/stm32u5xx_hal_msp.o
LOAD ./Core/Src/stm32u5xx_hal_timebase_tim.o
LOAD ./Core/Src/stm32u5xx_it.o
LOAD ./Core/Src/syscalls.o
LOAD ./Core/Src/sysmem.o
LOAD ./Core/Src/system_stm32u5xx.o
LOAD ./Core/Src/usart.o
LOAD ./Core/Startup/startup_stm32u575ritx.o
LOAD ./Drivers/STM32U5xx_HAL_Driver/Src/stm32u5xx_hal.o
LOAD ./Drivers/STM32U5xx_HAL_Driver/Src/stm32u5xx_hal_adc.o
LOAD ./Drivers/STM32U5xx_HAL_Driver/Src/stm32u5xx_hal_adc_ex.o
LOAD ./Drivers/STM32U5xx_HAL_Driver/Src/stm32u5xx_hal_cortex.o
LOAD ./Drivers/STM32U5xx_HAL_Driver/Src/stm32u5xx_hal_dma.o
LOAD ./Drivers/STM32U5xx_HAL_Driver/Src/stm32u5xx_hal_dma_ex.o
LOAD ./Drivers/STM32U5xx_HAL_Driver/Src/stm32u5xx_hal_exti.o
LOAD ./Drivers/STM32U5xx_HAL_Driver/Src/stm32u5xx_hal_flash.o
LOAD ./Drivers/STM32U5xx_HAL_Driver/Src/stm32u5xx_hal_flash_ex.o
LOAD ./Drivers/STM32U5xx_HAL_Driver/Src/stm32u5xx_hal_gpio.o
LOAD ./Drivers/STM32U5xx_HAL_Driver/Src/stm32u5xx_hal_gtzc.o
LOAD ./Drivers/STM32U5xx_HAL_Driver/Src/stm32u5xx_hal_i2c.o
LOAD ./Drivers/STM32U5xx_HAL_Driver/Src/stm32u5xx_hal_i2c_ex.o
LOAD ./Drivers/STM32U5xx_HAL_Driver/Src/stm32u5xx_hal_icache.o
LOAD ./Drivers/STM32U5xx_HAL_Driver/Src/stm32u5xx_hal_pwr.o
LOAD ./Drivers/STM32U5xx_HAL_Driver/Src/stm32u5xx_hal_pwr_ex.o
LOAD ./Drivers/STM32U5xx_HAL_Driver/Src/stm32u5xx_hal_rcc.o
LOAD ./Drivers/STM32U5xx_HAL_Driver/Src/stm32u5xx_hal_rcc_ex.o
LOAD ./Drivers/STM32U5xx_HAL_Driver/Src/stm32u5xx_hal_rtc.o
LOAD ./Drivers/STM32U5xx_HAL_Driver/Src/stm32u5xx_hal_rtc_ex.o
LOAD ./Drivers/STM32U5xx_HAL_Driver/Src/stm32u5xx_hal_sd.o
LOAD ./Drivers/STM32U5xx_HAL_Driver/Src/stm32u5xx_hal_sd_ex.o
LOAD ./Drivers/STM32U5xx_HAL_Driver/Src/stm32u5xx_hal_tim.o
LOAD ./Drivers/STM32U5xx_HAL_Driver/Src/stm32u5xx_hal_tim_ex.o
LOAD ./Drivers/STM32U5xx_HAL_Driver/Src/stm32u5xx_hal_uart.o
LOAD ./Drivers/STM32U5xx_HAL_Driver/Src/stm32u5xx_hal_uart_ex.o
LOAD ./Drivers/STM32U5xx_HAL_Driver/Src/stm32u5xx_ll_dlyb.o
LOAD ./Drivers/STM32U5xx_HAL_Driver/Src/stm32u5xx_ll_sdmmc.o
START GROUP
LOAD C:/ST/STM32CubeIDE_1.14.1/STM32CubeIDE/plugins/com.st.stm32cube.ide.mcu.externaltools.gnu-tools-for-stm32.11.3.rel1.win32_1.1.100.202309141235/tools/bin/../lib/gcc/arm-none-eabi/11.3.1/../../../../arm-none-eabi/lib/thumb/v8-m.main+fp/hard\libc_nano.a
LOAD C:/ST/STM32CubeIDE_1.14.1/STM32CubeIDE/plugins/com.st.stm32cube.ide.mcu.externaltools.gnu-tools-for-stm32.11.3.rel1.win32_1.1.100.202309141235/tools/bin/../lib/gcc/arm-none-eabi/11.3.1/../../../../arm-none-eabi/lib/thumb/v8-m.main+fp/hard\libm.a
END GROUP
START GROUP
LOAD C:/ST/STM32CubeIDE_1.14.1/STM32CubeIDE/plugins/com.st.stm32cube.ide.mcu.externaltools.gnu-tools-for-stm32.11.3.rel1.win32_1.1.100.202309141235/tools/bin/../lib/gcc/arm-none-eabi/11.3.1/thumb/v8-m.main+fp/hard\libgcc.a
LOAD C:/ST/STM32CubeIDE_1.14.1/STM32CubeIDE/plugins/com.st.stm32cube.ide.mcu.externaltools.gnu-tools-for-stm32.11.3.rel1.win32_1.1.100.202309141235/tools/bin/../lib/gcc/arm-none-eabi/11.3.1/../../../../arm-none-eabi/lib/thumb/v8-m.main+fp/hard\libc_nano.a
END GROUP
START GROUP
LOAD C:/ST/STM32CubeIDE_1.14.1/STM32CubeIDE/plugins/com.st.stm32cube.ide.mcu.externaltools.gnu-tools-for-stm32.11.3.rel1.win32_1.1.100.202309141235/tools/bin/../lib/gcc/arm-none-eabi/11.3.1/thumb/v8-m.main+fp/hard\libgcc.a
LOAD C:/ST/STM32CubeIDE_1.14.1/STM32CubeIDE/plugins/com.st.stm32cube.ide.mcu.externaltools.gnu-tools-for-stm32.11.3.rel1.win32_1.1.100.202309141235/tools/bin/../lib/gcc/arm-none-eabi/11.3.1/../../../../arm-none-eabi/lib/thumb/v8-m.main+fp/hard\libc_nano.a
LOAD C:/ST/STM32CubeIDE_1.14.1/STM32CubeIDE/plugins/com.st.stm32cube.ide.mcu.externaltools.gnu-tools-for-stm32.11.3.rel1.win32_1.1.100.202309141235/tools/bin/../lib/gcc/arm-none-eabi/11.3.1/../../../../arm-none-eabi/lib/thumb/v8-m.main+fp/hard\libnosys.a
END GROUP
START GROUP
LOAD C:/ST/STM32CubeIDE_1.14.1/STM32CubeIDE/plugins/com.st.stm32cube.ide.mcu.externaltools.gnu-tools-for-stm32.11.3.rel1.win32_1.1.100.202309141235/tools/bin/../lib/gcc/arm-none-eabi/11.3.1/thumb/v8-m.main+fp/hard\libgcc.a
LOAD C:/ST/STM32CubeIDE_1.14.1/STM32CubeIDE/plugins/com.st.stm32cube.ide.mcu.externaltools.gnu-tools-for-stm32.11.3.rel1.win32_1.1.100.202309141235/tools/bin/../lib/gcc/arm-none-eabi/11.3.1/../../../../arm-none-eabi/lib/thumb/v8-m.main+fp/hard\libc_nano.a
LOAD C:/ST/STM32CubeIDE_1.14.1/STM32CubeIDE/plugins/com.st.stm32cube.ide.mcu.externaltools.gnu-tools-for-stm32.11.3.rel1.win32_1.1.100.202309141235/tools/bin/../lib/gcc/arm-none-eabi/11.3.1/../../../../arm-none-eabi/lib/thumb/v8-m.main+fp/hard\libnosys.a
END GROUP
LOAD C:/ST/STM32CubeIDE_1.14.1/STM32CubeIDE/plugins/com.st.stm32cube.ide.mcu.externaltools.gnu-tools-for-stm32.11.3.rel1.win32_1.1.100.202309141235/tools/bin/../lib/gcc/arm-none-eabi/11.3.1/thumb/v8-m.main+fp/hard/crtend.o
LOAD C:/ST/STM32CubeIDE_1.14.1/STM32CubeIDE/plugins/com.st.stm32cube.ide.mcu.externaltools.gnu-tools-for-stm32.11.3.rel1.win32_1.1.100.202309141235/tools/bin/../lib/gcc/arm-none-eabi/11.3.1/thumb/v8-m.main+fp/hard/crtn.o
                0x00000000200c0000                _estack = (ORIGIN (RAM) + LENGTH (RAM))
                0x0000000000000200                _Min_Heap_Size = 0x200
                0x0000000000000400                _Min_Stack_Size = 0x400

.isr_vector     0x0000000008000000      0x238
 *(.isr_vector)
 .isr_vector    0x0000000008000000      0x238 ./Core/Startup/startup_stm32u575ritx.o
                0x0000000008000000                g_pfnVectors

.text           0x0000000008000238     0xce90
 *(.text)
 .text          0x0000000008000238       0x40 C:/ST/STM32CubeIDE_1.14.1/STM32CubeIDE/plugins/com.st.stm32cube.ide.mcu.externaltools.gnu-tools-for-stm32.11.3.rel1.win32_1.1.100.202309141235/tools/bin/../lib/gcc/arm-none-eabi/11.3.1/thumb/v8-m.main+fp/hard/crtbegin.o
 .text          0x0000000008000278       0x10 C:/ST/STM32CubeIDE_1.14.1/STM32CubeIDE/plugins/com.st.stm32cube.ide.mcu.externaltools.gnu-tools-for-stm32.11.3.rel1.win32_1.1.100.202309141235/tools/bin/../lib/gcc/arm-none-eabi/11.3.1/../../../../arm-none-eabi/lib/thumb/v8-m.main+fp/hard\libc_nano.a(libc_a-strlen.o)
                0x0000000008000278                strlen
 .text          0x0000000008000288       0x30 C:/ST/STM32CubeIDE_1.14.1/STM32CubeIDE/plugins/com.st.stm32cube.ide.mcu.externaltools.gnu-tools-for-stm32.11.3.rel1.win32_1.1.100.202309141235/tools/bin/../lib/gcc/arm-none-eabi/11.3.1/thumb/v8-m.main+fp/hard\libgcc.a(_aeabi_uldivmod.o)
                0x0000000008000288                __aeabi_uldivmod
 .text          0x00000000080002b8      0x2ec C:/ST/STM32CubeIDE_1.14.1/STM32CubeIDE/plugins/com.st.stm32cube.ide.mcu.externaltools.gnu-tools-for-stm32.11.3.rel1.win32_1.1.100.202309141235/tools/bin/../lib/gcc/arm-none-eabi/11.3.1/thumb/v8-m.main+fp/hard\libgcc.a(_udivmoddi4.o)
                0x00000000080002b8                __udivmoddi4
 .text          0x00000000080005a4        0x4 C:/ST/STM32CubeIDE_1.14.1/STM32CubeIDE/plugins/com.st.stm32cube.ide.mcu.externaltools.gnu-tools-for-stm32.11.3.rel1.win32_1.1.100.202309141235/tools/bin/../lib/gcc/arm-none-eabi/11.3.1/thumb/v8-m.main+fp/hard\libgcc.a(_dvmd_tls.o)
                0x00000000080005a4                __aeabi_idiv0
                0x00000000080005a4                __aeabi_ldiv0
 *(.text*)
 .text.MX_ADC4_Init
                0x00000000080005a8       0xfc ./Core/Src/adc.o
                0x00000000080005a8                MX_ADC4_Init
 .text.HAL_ADC_MspInit
                0x00000000080006a4      0x108 ./Core/Src/adc.o
                0x00000000080006a4                HAL_ADC_MspInit
 .text.MX_GPIO_Init
                0x00000000080007ac      0x214 ./Core/Src/gpio.o
                0x00000000080007ac                MX_GPIO_Init
 .text.MX_I2C1_Init
                0x00000000080009c0       0x80 ./Core/Src/i2c.o
                0x00000000080009c0                MX_I2C1_Init
 .text.HAL_I2C_MspInit
                0x0000000008000a40       0xd0 ./Core/Src/i2c.o
                0x0000000008000a40                HAL_I2C_MspInit
 .text.HAL_I2C_MspDeInit
                0x0000000008000b10       0x48 ./Core/Src/i2c.o
                0x0000000008000b10                HAL_I2C_MspDeInit
 .text.MX_ICACHE_Init
                0x0000000008000b58       0x74 ./Core/Src/icache.o
                0x0000000008000b58                MX_ICACHE_Init
 .text.main     0x0000000008000bcc       0x5c ./Core/Src/main.o
                0x0000000008000bcc                main
 .text.SystemClock_Config
                0x0000000008000c28       0xbe ./Core/Src/main.o
                0x0000000008000c28                SystemClock_Config
 .text.SystemPower_Config
                0x0000000008000ce6       0x2e ./Core/Src/main.o
 .text.serialPutStr
                0x0000000008000d14       0x3c ./Core/Src/main.o
                0x0000000008000d14                serialPutStr
 .text.system_powersave
                0x0000000008000d50       0xc8 ./Core/Src/main.o
                0x0000000008000d50                system_powersave
 .text.HAL_TIM_PeriodElapsedCallback
                0x0000000008000e18       0x24 ./Core/Src/main.o
                0x0000000008000e18                HAL_TIM_PeriodElapsedCallback
 .text.Error_Handler
                0x0000000008000e3c        0xa ./Core/Src/main.o
                0x0000000008000e3c                Error_Handler
 *fill*         0x0000000008000e46        0x2 
 .text.MX_RTC_Init
                0x0000000008000e48      0x160 ./Core/Src/rtc.o
                0x0000000008000e48                MX_RTC_Init
 .text.HAL_RTC_MspInit
                0x0000000008000fa8       0x98 ./Core/Src/rtc.o
                0x0000000008000fa8                HAL_RTC_MspInit
 .text.HAL_RTC_MspDeInit
                0x0000000008001040       0x58 ./Core/Src/rtc.o
                0x0000000008001040                HAL_RTC_MspDeInit
 .text.MX_SDMMC1_SD_Init
                0x0000000008001098       0x48 ./Core/Src/sdmmc.o
                0x0000000008001098                MX_SDMMC1_SD_Init
 .text.HAL_SD_MspInit
                0x00000000080010e0      0x130 ./Core/Src/sdmmc.o
                0x00000000080010e0                HAL_SD_MspInit
 .text.HAL_SD_MspDeInit
                0x0000000008001210       0x54 ./Core/Src/sdmmc.o
                0x0000000008001210                HAL_SD_MspDeInit
 .text.HAL_MspInit
                0x0000000008001264       0x34 ./Core/Src/stm32u5xx_hal_msp.o
                0x0000000008001264                HAL_MspInit
 .text.HAL_InitTick
                0x0000000008001298       0xe0 ./Core/Src/stm32u5xx_hal_timebase_tim.o
                0x0000000008001298                HAL_InitTick
 .text.HAL_SuspendTick
                0x0000000008001378       0x24 ./Core/Src/stm32u5xx_hal_timebase_tim.o
                0x0000000008001378                HAL_SuspendTick
 .text.NMI_Handler
                0x000000000800139c        0x6 ./Core/Src/stm32u5xx_it.o
                0x000000000800139c                NMI_Handler
 .text.HardFault_Handler
                0x00000000080013a2        0x6 ./Core/Src/stm32u5xx_it.o
                0x00000000080013a2                HardFault_Handler
 .text.MemManage_Handler
                0x00000000080013a8        0x6 ./Core/Src/stm32u5xx_it.o
                0x00000000080013a8                MemManage_Handler
 .text.BusFault_Handler
                0x00000000080013ae        0x6 ./Core/Src/stm32u5xx_it.o
                0x00000000080013ae                BusFault_Handler
 .text.UsageFault_Handler
                0x00000000080013b4        0x6 ./Core/Src/stm32u5xx_it.o
                0x00000000080013b4                UsageFault_Handler
 .text.SVC_Handler
                0x00000000080013ba        0xe ./Core/Src/stm32u5xx_it.o
                0x00000000080013ba                SVC_Handler
 .text.DebugMon_Handler
                0x00000000080013c8        0xe ./Core/Src/stm32u5xx_it.o
                0x00000000080013c8                DebugMon_Handler
 .text.PendSV_Handler
                0x00000000080013d6        0xe ./Core/Src/stm32u5xx_it.o
                0x00000000080013d6                PendSV_Handler
 .text.SysTick_Handler
                0x00000000080013e4        0xe ./Core/Src/stm32u5xx_it.o
                0x00000000080013e4                SysTick_Handler
 .text.EXTI5_IRQHandler
                0x00000000080013f2        0xe ./Core/Src/stm32u5xx_it.o
                0x00000000080013f2                EXTI5_IRQHandler
 .text.TIM6_IRQHandler
                0x0000000008001400       0x14 ./Core/Src/stm32u5xx_it.o
                0x0000000008001400                TIM6_IRQHandler
 .text.USART1_IRQHandler
                0x0000000008001414       0x14 ./Core/Src/stm32u5xx_it.o
                0x0000000008001414                USART1_IRQHandler
 .text.USART2_IRQHandler
                0x0000000008001428       0x14 ./Core/Src/stm32u5xx_it.o
                0x0000000008001428                USART2_IRQHandler
 .text.USART3_IRQHandler
                0x000000000800143c       0x14 ./Core/Src/stm32u5xx_it.o
                0x000000000800143c                USART3_IRQHandler
 .text.UART4_IRQHandler
                0x0000000008001450       0x14 ./Core/Src/stm32u5xx_it.o
                0x0000000008001450                UART4_IRQHandler
 .text.LPUART1_IRQHandler
                0x0000000008001464       0x14 ./Core/Src/stm32u5xx_it.o
                0x0000000008001464                LPUART1_IRQHandler
 .text.SDMMC1_IRQHandler
                0x0000000008001478       0x14 ./Core/Src/stm32u5xx_it.o
                0x0000000008001478                SDMMC1_IRQHandler
 .text._sbrk    0x000000000800148c       0x6c ./Core/Src/sysmem.o
                0x000000000800148c                _sbrk
 .text.SystemInit
                0x00000000080014f8       0x70 ./Core/Src/system_stm32u5xx.o
                0x00000000080014f8                SystemInit
 .text.MX_LPUART1_UART_Init
                0x0000000008001568       0x94 ./Core/Src/usart.o
                0x0000000008001568                MX_LPUART1_UART_Init
 .text.MX_UART4_Init
                0x00000000080015fc       0x98 ./Core/Src/usart.o
                0x00000000080015fc                MX_UART4_Init
 .text.MX_USART1_UART_Init
                0x0000000008001694       0x98 ./Core/Src/usart.o
                0x0000000008001694                MX_USART1_UART_Init
 .text.MX_USART2_UART_Init
                0x000000000800172c       0xa8 ./Core/Src/usart.o
                0x000000000800172c                MX_USART2_UART_Init
 .text.MX_USART3_UART_Init
                0x00000000080017d4       0xa8 ./Core/Src/usart.o
                0x00000000080017d4                MX_USART3_UART_Init
 .text.HAL_UART_MspInit
                0x000000000800187c      0x3e0 ./Core/Src/usart.o
                0x000000000800187c                HAL_UART_MspInit
 .text.HAL_UART_MspDeInit
                0x0000000008001c5c      0x104 ./Core/Src/usart.o
                0x0000000008001c5c                HAL_UART_MspDeInit
 .text.Reset_Handler
                0x0000000008001d60       0x50 ./Core/Startup/startup_stm32u575ritx.o
                0x0000000008001d60                Reset_Handler
 .text.Default_Handler
                0x0000000008001db0        0x2 ./Core/Startup/startup_stm32u575ritx.o
                0x0000000008001db0                EXTI2_IRQHandler
                0x0000000008001db0                TIM8_TRG_COM_IRQHandler
                0x0000000008001db0                TIM8_CC_IRQHandler
                0x0000000008001db0                FLASH_S_IRQHandler
                0x0000000008001db0                EXTI13_IRQHandler
                0x0000000008001db0                TIM1_CC_IRQHandler
                0x0000000008001db0                TSC_IRQHandler
                0x0000000008001db0                TAMP_IRQHandler
                0x0000000008001db0                EXTI12_IRQHandler
                0x0000000008001db0                CORDIC_IRQHandler
                0x0000000008001db0                EXTI3_IRQHandler
                0x0000000008001db0                LPTIM4_IRQHandler
                0x0000000008001db0                GPDMA1_Channel5_IRQHandler
                0x0000000008001db0                EXTI8_IRQHandler
                0x0000000008001db0                LPTIM2_IRQHandler
                0x0000000008001db0                I2C3_ER_IRQHandler
                0x0000000008001db0                PWR_S3WU_IRQHandler
                0x0000000008001db0                MDF1_FLT2_IRQHandler
                0x0000000008001db0                LPDMA1_Channel3_IRQHandler
                0x0000000008001db0                LPTIM3_IRQHandler
                0x0000000008001db0                EXTI0_IRQHandler
                0x0000000008001db0                I2C2_EV_IRQHandler
                0x0000000008001db0                FPU_IRQHandler
                0x0000000008001db0                GPDMA1_Channel3_IRQHandler
                0x0000000008001db0                GPDMA1_Channel7_IRQHandler
                0x0000000008001db0                MDF1_FLT4_IRQHandler
                0x0000000008001db0                FDCAN1_IT1_IRQHandler
                0x0000000008001db0                RAMCFG_IRQHandler
                0x0000000008001db0                GPDMA1_Channel9_IRQHandler
                0x0000000008001db0                DCACHE1_IRQHandler
                0x0000000008001db0                SPI1_IRQHandler
                0x0000000008001db0                OCTOSPI1_IRQHandler
                0x0000000008001db0                GPDMA1_Channel2_IRQHandler
                0x0000000008001db0                TIM8_UP_IRQHandler
                0x0000000008001db0                RCC_S_IRQHandler
                0x0000000008001db0                OCTOSPI2_IRQHandler
                0x0000000008001db0                SAI2_IRQHandler
                0x0000000008001db0                MDF1_FLT1_IRQHandler
                0x0000000008001db0                ADC1_IRQHandler
                0x0000000008001db0                MDF1_FLT5_IRQHandler
                0x0000000008001db0                EXTI15_IRQHandler
                0x0000000008001db0                TIM17_IRQHandler
                0x0000000008001db0                RTC_IRQHandler
                0x0000000008001db0                EXTI9_IRQHandler
                0x0000000008001db0                UART5_IRQHandler
                0x0000000008001db0                TIM4_IRQHandler
                0x0000000008001db0                I2C1_EV_IRQHandler
                0x0000000008001db0                GPDMA1_Channel12_IRQHandler
                0x0000000008001db0                GPDMA1_Channel1_IRQHandler
                0x0000000008001db0                TIM16_IRQHandler
                0x0000000008001db0                GPDMA1_Channel15_IRQHandler
                0x0000000008001db0                SecureFault_Handler
                0x0000000008001db0                TIM3_IRQHandler
                0x0000000008001db0                RCC_IRQHandler
                0x0000000008001db0                TIM1_TRG_COM_IRQHandler
                0x0000000008001db0                Default_Handler
                0x0000000008001db0                GPDMA1_Channel8_IRQHandler
                0x0000000008001db0                FMAC_IRQHandler
                0x0000000008001db0                GPDMA1_Channel11_IRQHandler
                0x0000000008001db0                TIM7_IRQHandler
                0x0000000008001db0                TIM5_IRQHandler
                0x0000000008001db0                UCPD1_IRQHandler
                0x0000000008001db0                GPDMA1_Channel0_IRQHandler
                0x0000000008001db0                TIM15_IRQHandler
                0x0000000008001db0                I2C3_EV_IRQHandler
                0x0000000008001db0                LPDMA1_Channel0_IRQHandler
                0x0000000008001db0                PVD_PVM_IRQHandler
                0x0000000008001db0                SPI2_IRQHandler
                0x0000000008001db0                LPDMA1_Channel1_IRQHandler
                0x0000000008001db0                EXTI14_IRQHandler
                0x0000000008001db0                EXTI11_IRQHandler
                0x0000000008001db0                CRS_IRQHandler
                0x0000000008001db0                GPDMA1_Channel14_IRQHandler
                0x0000000008001db0                LSECSSD_IRQHandler
                0x0000000008001db0                EXTI4_IRQHandler
                0x0000000008001db0                RTC_S_IRQHandler
                0x0000000008001db0                GPDMA1_Channel13_IRQHandler
                0x0000000008001db0                RNG_IRQHandler
                0x0000000008001db0                COMP_IRQHandler
                0x0000000008001db0                TIM1_UP_IRQHandler
                0x0000000008001db0                ADC4_IRQHandler
                0x0000000008001db0                WWDG_IRQHandler
                0x0000000008001db0                I2C4_EV_IRQHandler
                0x0000000008001db0                ADF1_IRQHandler
                0x0000000008001db0                IWDG_IRQHandler
                0x0000000008001db0                MDF1_FLT0_IRQHandler
                0x0000000008001db0                FDCAN1_IT0_IRQHandler
                0x0000000008001db0                TIM2_IRQHandler
                0x0000000008001db0                GPDMA1_Channel4_IRQHandler
                0x0000000008001db0                EXTI7_IRQHandler
                0x0000000008001db0                DMA2D_IRQHandler
                0x0000000008001db0                TIM1_BRK_IRQHandler
                0x0000000008001db0                EXTI1_IRQHandler
                0x0000000008001db0                SDMMC2_IRQHandler
                0x0000000008001db0                DAC1_IRQHandler
                0x0000000008001db0                GTZC_IRQHandler
                0x0000000008001db0                MDF1_FLT3_IRQHandler
                0x0000000008001db0                GPDMA1_Channel6_IRQHandler
                0x0000000008001db0                I2C2_ER_IRQHandler
                0x0000000008001db0                TIM8_BRK_IRQHandler
                0x0000000008001db0                FLASH_IRQHandler
                0x0000000008001db0                EXTI10_IRQHandler
                0x0000000008001db0                OTG_FS_IRQHandler
                0x0000000008001db0                SPI3_IRQHandler
                0x0000000008001db0                LPDMA1_Channel2_IRQHandler
                0x0000000008001db0                I2C1_ER_IRQHandler
                0x0000000008001db0                FMC_IRQHandler
                0x0000000008001db0                EXTI6_IRQHandler
                0x0000000008001db0                LPTIM1_IRQHandler
                0x0000000008001db0                DCMI_PSSI_IRQHandler
                0x0000000008001db0                I2C4_ER_IRQHandler
                0x0000000008001db0                GPDMA1_Channel10_IRQHandler
                0x0000000008001db0                ICACHE_IRQHandler
                0x0000000008001db0                SAI1_IRQHandler
                0x0000000008001db0                HASH_IRQHandler
 *fill*         0x0000000008001db2        0x2 
 .text.HAL_Init
                0x0000000008001db4       0x5c ./Drivers/STM32U5xx_HAL_Driver/Src/stm32u5xx_hal.o
                0x0000000008001db4                HAL_Init
 .text.HAL_IncTick
                0x0000000008001e10       0x28 ./Drivers/STM32U5xx_HAL_Driver/Src/stm32u5xx_hal.o
                0x0000000008001e10                HAL_IncTick
 .text.HAL_GetTick
                0x0000000008001e38       0x18 ./Drivers/STM32U5xx_HAL_Driver/Src/stm32u5xx_hal.o
                0x0000000008001e38                HAL_GetTick
 .text.HAL_Delay
                0x0000000008001e50       0x48 ./Drivers/STM32U5xx_HAL_Driver/Src/stm32u5xx_hal.o
                0x0000000008001e50                HAL_Delay
 .text.HAL_GetREVID
                0x0000000008001e98       0x1c ./Drivers/STM32U5xx_HAL_Driver/Src/stm32u5xx_hal.o
                0x0000000008001e98                HAL_GetREVID
 .text.LL_ADC_SetCommonClock
                0x0000000008001eb4       0x26 ./Drivers/STM32U5xx_HAL_Driver/Src/stm32u5xx_hal_adc.o
 .text.LL_ADC_SetCommonPathInternalCh
                0x0000000008001eda       0x26 ./Drivers/STM32U5xx_HAL_Driver/Src/stm32u5xx_hal_adc.o
 .text.LL_ADC_GetCommonPathInternalCh
                0x0000000008001f00       0x1c ./Drivers/STM32U5xx_HAL_Driver/Src/stm32u5xx_hal_adc.o
 .text.LL_ADC_SetResolution
                0x0000000008001f1c       0x40 ./Drivers/STM32U5xx_HAL_Driver/Src/stm32u5xx_hal_adc.o
 .text.LL_ADC_SetOffset
                0x0000000008001f5c       0x42 ./Drivers/STM32U5xx_HAL_Driver/Src/stm32u5xx_hal_adc.o
 .text.LL_ADC_GetOffsetChannel
                0x0000000008001f9e       0x2c ./Drivers/STM32U5xx_HAL_Driver/Src/stm32u5xx_hal_adc.o
 .text.LL_ADC_SetOffsetSign
                0x0000000008001fca       0x36 ./Drivers/STM32U5xx_HAL_Driver/Src/stm32u5xx_hal_adc.o
 .text.LL_ADC_SetOffsetSignedSaturation
                0x0000000008002000       0x36 ./Drivers/STM32U5xx_HAL_Driver/Src/stm32u5xx_hal_adc.o
 .text.LL_ADC_SetOffsetUnsignedSaturation
                0x0000000008002036       0x36 ./Drivers/STM32U5xx_HAL_Driver/Src/stm32u5xx_hal_adc.o
 .text.LL_ADC_SetGainCompensation
                0x000000000800206c       0x46 ./Drivers/STM32U5xx_HAL_Driver/Src/stm32u5xx_hal_adc.o
 .text.LL_ADC_SetSamplingTimeCommonChannels
                0x00000000080020b2       0x3e ./Drivers/STM32U5xx_HAL_Driver/Src/stm32u5xx_hal_adc.o
 .text.LL_ADC_REG_SetSequencerRanks
                0x00000000080020f0       0xc0 ./Drivers/STM32U5xx_HAL_Driver/Src/stm32u5xx_hal_adc.o
 .text.LL_ADC_REG_SetSequencerChAdd
                0x00000000080021b0       0x66 ./Drivers/STM32U5xx_HAL_Driver/Src/stm32u5xx_hal_adc.o
 .text.LL_ADC_REG_SetSequencerChRem
                0x0000000008002216       0x30 ./Drivers/STM32U5xx_HAL_Driver/Src/stm32u5xx_hal_adc.o
 *fill*         0x0000000008002246        0x2 
 .text.LL_ADC_SetChannelSamplingTime
                0x0000000008002248       0xc8 ./Drivers/STM32U5xx_HAL_Driver/Src/stm32u5xx_hal_adc.o
 .text.LL_ADC_SetChannelSingleDiff
                0x0000000008002310       0x48 ./Drivers/STM32U5xx_HAL_Driver/Src/stm32u5xx_hal_adc.o
 .text.LL_ADC_DisableDeepPowerDown
                0x0000000008002358       0x24 ./Drivers/STM32U5xx_HAL_Driver/Src/stm32u5xx_hal_adc.o
 .text.LL_ADC_IsDeepPowerDownEnabled
                0x000000000800237c       0x28 ./Drivers/STM32U5xx_HAL_Driver/Src/stm32u5xx_hal_adc.o
 .text.LL_ADC_EnableInternalRegulator
                0x00000000080023a4       0x28 ./Drivers/STM32U5xx_HAL_Driver/Src/stm32u5xx_hal_adc.o
 .text.LL_ADC_IsInternalRegulatorEnabled
                0x00000000080023cc       0x28 ./Drivers/STM32U5xx_HAL_Driver/Src/stm32u5xx_hal_adc.o
 .text.LL_ADC_IsEnabled
                0x00000000080023f4       0x26 ./Drivers/STM32U5xx_HAL_Driver/Src/stm32u5xx_hal_adc.o
 .text.LL_ADC_REG_IsConversionOngoing
                0x000000000800241a       0x26 ./Drivers/STM32U5xx_HAL_Driver/Src/stm32u5xx_hal_adc.o
 .text.LL_ADC_INJ_IsConversionOngoing
                0x0000000008002440       0x26 ./Drivers/STM32U5xx_HAL_Driver/Src/stm32u5xx_hal_adc.o
 *fill*         0x0000000008002466        0x2 
 .text.HAL_ADC_Init
                0x0000000008002468      0x594 ./Drivers/STM32U5xx_HAL_Driver/Src/stm32u5xx_hal_adc.o
                0x0000000008002468                HAL_ADC_Init
 .text.HAL_ADC_ConfigChannel
                0x00000000080029fc      0xdb0 ./Drivers/STM32U5xx_HAL_Driver/Src/stm32u5xx_hal_adc.o
                0x00000000080029fc                HAL_ADC_ConfigChannel
 .text.__NVIC_SetPriorityGrouping
                0x00000000080037ac       0x48 ./Drivers/STM32U5xx_HAL_Driver/Src/stm32u5xx_hal_cortex.o
 .text.__NVIC_GetPriorityGrouping
                0x00000000080037f4       0x1c ./Drivers/STM32U5xx_HAL_Driver/Src/stm32u5xx_hal_cortex.o
 .text.__NVIC_EnableIRQ
                0x0000000008003810       0x3c ./Drivers/STM32U5xx_HAL_Driver/Src/stm32u5xx_hal_cortex.o
 .text.__NVIC_DisableIRQ
                0x000000000800384c       0x48 ./Drivers/STM32U5xx_HAL_Driver/Src/stm32u5xx_hal_cortex.o
 .text.__NVIC_SetPriority
                0x0000000008003894       0x54 ./Drivers/STM32U5xx_HAL_Driver/Src/stm32u5xx_hal_cortex.o
 .text.NVIC_EncodePriority
                0x00000000080038e8       0x66 ./Drivers/STM32U5xx_HAL_Driver/Src/stm32u5xx_hal_cortex.o
 .text.HAL_NVIC_SetPriorityGrouping
                0x000000000800394e       0x16 ./Drivers/STM32U5xx_HAL_Driver/Src/stm32u5xx_hal_cortex.o
                0x000000000800394e                HAL_NVIC_SetPriorityGrouping
 .text.HAL_NVIC_SetPriority
                0x0000000008003964       0x34 ./Drivers/STM32U5xx_HAL_Driver/Src/stm32u5xx_hal_cortex.o
                0x0000000008003964                HAL_NVIC_SetPriority
 .text.HAL_NVIC_EnableIRQ
                0x0000000008003998       0x1c ./Drivers/STM32U5xx_HAL_Driver/Src/stm32u5xx_hal_cortex.o
                0x0000000008003998                HAL_NVIC_EnableIRQ
 .text.HAL_NVIC_DisableIRQ
                0x00000000080039b4       0x1c ./Drivers/STM32U5xx_HAL_Driver/Src/stm32u5xx_hal_cortex.o
                0x00000000080039b4                HAL_NVIC_DisableIRQ
 .text.HAL_DMA_Abort
                0x00000000080039d0       0xf8 ./Drivers/STM32U5xx_HAL_Driver/Src/stm32u5xx_hal_dma.o
                0x00000000080039d0                HAL_DMA_Abort
 .text.HAL_DMA_Abort_IT
                0x0000000008003ac8       0x52 ./Drivers/STM32U5xx_HAL_Driver/Src/stm32u5xx_hal_dma.o
                0x0000000008003ac8                HAL_DMA_Abort_IT
 *fill*         0x0000000008003b1a        0x2 
 .text.HAL_GPIO_Init
                0x0000000008003b1c      0x3b0 ./Drivers/STM32U5xx_HAL_Driver/Src/stm32u5xx_hal_gpio.o
                0x0000000008003b1c                HAL_GPIO_Init
 .text.HAL_GPIO_DeInit
                0x0000000008003ecc      0x1bc ./Drivers/STM32U5xx_HAL_Driver/Src/stm32u5xx_hal_gpio.o
                0x0000000008003ecc                HAL_GPIO_DeInit
 .text.HAL_GPIO_WritePin
                0x0000000008004088       0x30 ./Drivers/STM32U5xx_HAL_Driver/Src/stm32u5xx_hal_gpio.o
                0x0000000008004088                HAL_GPIO_WritePin
 .text.HAL_GPIO_EXTI_IRQHandler
                0x00000000080040b8       0x4c ./Drivers/STM32U5xx_HAL_Driver/Src/stm32u5xx_hal_gpio.o
                0x00000000080040b8                HAL_GPIO_EXTI_IRQHandler
 .text.HAL_GPIO_EXTI_Rising_Callback
                0x0000000008004104       0x16 ./Drivers/STM32U5xx_HAL_Driver/Src/stm32u5xx_hal_gpio.o
                0x0000000008004104                HAL_GPIO_EXTI_Rising_Callback
 .text.HAL_GPIO_EXTI_Falling_Callback
                0x000000000800411a       0x16 ./Drivers/STM32U5xx_HAL_Driver/Src/stm32u5xx_hal_gpio.o
                0x000000000800411a                HAL_GPIO_EXTI_Falling_Callback
 .text.HAL_I2C_Init
                0x0000000008004130      0x136 ./Drivers/STM32U5xx_HAL_Driver/Src/stm32u5xx_hal_i2c.o
                0x0000000008004130                HAL_I2C_Init
 .text.HAL_I2CEx_ConfigAnalogFilter
                0x0000000008004266       0x96 ./Drivers/STM32U5xx_HAL_Driver/Src/stm32u5xx_hal_i2c_ex.o
                0x0000000008004266                HAL_I2CEx_ConfigAnalogFilter
 .text.HAL_I2CEx_ConfigDigitalFilter
                0x00000000080042fc       0x98 ./Drivers/STM32U5xx_HAL_Driver/Src/stm32u5xx_hal_i2c_ex.o
                0x00000000080042fc                HAL_I2CEx_ConfigDigitalFilter
 .text.HAL_ICACHE_ConfigAssociativityMode
                0x0000000008004394       0x40 ./Drivers/STM32U5xx_HAL_Driver/Src/stm32u5xx_hal_icache.o
                0x0000000008004394                HAL_ICACHE_ConfigAssociativityMode
 .text.HAL_ICACHE_Enable
                0x00000000080043d4       0x20 ./Drivers/STM32U5xx_HAL_Driver/Src/stm32u5xx_hal_icache.o
                0x00000000080043d4                HAL_ICACHE_Enable
 .text.HAL_ICACHE_Disable
                0x00000000080043f4       0x60 ./Drivers/STM32U5xx_HAL_Driver/Src/stm32u5xx_hal_icache.o
                0x00000000080043f4                HAL_ICACHE_Disable
 .text.HAL_ICACHE_EnableRemapRegion
                0x0000000008004454       0xa4 ./Drivers/STM32U5xx_HAL_Driver/Src/stm32u5xx_hal_icache.o
                0x0000000008004454                HAL_ICACHE_EnableRemapRegion
 .text.HAL_PWR_ConfigPVD
                0x00000000080044f8       0xdc ./Drivers/STM32U5xx_HAL_Driver/Src/stm32u5xx_hal_pwr.o
                0x00000000080044f8                HAL_PWR_ConfigPVD
 .text.HAL_PWR_EnablePVD
                0x00000000080045d4       0x20 ./Drivers/STM32U5xx_HAL_Driver/Src/stm32u5xx_hal_pwr.o
                0x00000000080045d4                HAL_PWR_EnablePVD
 .text.HAL_PWREx_ControlVoltageScaling
                0x00000000080045f4       0xfc ./Drivers/STM32U5xx_HAL_Driver/Src/stm32u5xx_hal_pwr_ex.o
                0x00000000080045f4                HAL_PWREx_ControlVoltageScaling
 .text.HAL_PWREx_GetVoltageRange
                0x00000000080046f0       0x1c ./Drivers/STM32U5xx_HAL_Driver/Src/stm32u5xx_hal_pwr_ex.o
                0x00000000080046f0                HAL_PWREx_GetVoltageRange
 .text.HAL_PWREx_EnterSTOP3Mode
                0x000000000800470c       0x58 ./Drivers/STM32U5xx_HAL_Driver/Src/stm32u5xx_hal_pwr_ex.o
                0x000000000800470c                HAL_PWREx_EnterSTOP3Mode
 .text.HAL_PWREx_EnableVddA
                0x0000000008004764       0x20 ./Drivers/STM32U5xx_HAL_Driver/Src/stm32u5xx_hal_pwr_ex.o
                0x0000000008004764                HAL_PWREx_EnableVddA
 .text.HAL_PWREx_DisableUCPDDeadBattery
                0x0000000008004784       0x20 ./Drivers/STM32U5xx_HAL_Driver/Src/stm32u5xx_hal_pwr_ex.o
                0x0000000008004784                HAL_PWREx_DisableUCPDDeadBattery
 .text.HAL_RCC_OscConfig
                0x00000000080047a4      0xdb8 ./Drivers/STM32U5xx_HAL_Driver/Src/stm32u5xx_hal_rcc.o
                0x00000000080047a4                HAL_RCC_OscConfig
 .text.HAL_RCC_ClockConfig
                0x000000000800555c      0x3e4 ./Drivers/STM32U5xx_HAL_Driver/Src/stm32u5xx_hal_rcc.o
                0x000000000800555c                HAL_RCC_ClockConfig
 .text.HAL_RCC_GetSysClockFreq
                0x0000000008005940      0x20c ./Drivers/STM32U5xx_HAL_Driver/Src/stm32u5xx_hal_rcc.o
                0x0000000008005940                HAL_RCC_GetSysClockFreq
 .text.HAL_RCC_GetHCLKFreq
                0x0000000008005b4c       0x34 ./Drivers/STM32U5xx_HAL_Driver/Src/stm32u5xx_hal_rcc.o
                0x0000000008005b4c                HAL_RCC_GetHCLKFreq
 .text.HAL_RCC_GetPCLK1Freq
                0x0000000008005b80       0x28 ./Drivers/STM32U5xx_HAL_Driver/Src/stm32u5xx_hal_rcc.o
                0x0000000008005b80                HAL_RCC_GetPCLK1Freq
 .text.HAL_RCC_GetPCLK2Freq
                0x0000000008005ba8       0x28 ./Drivers/STM32U5xx_HAL_Driver/Src/stm32u5xx_hal_rcc.o
                0x0000000008005ba8                HAL_RCC_GetPCLK2Freq
 .text.HAL_RCC_GetPCLK3Freq
                0x0000000008005bd0       0x28 ./Drivers/STM32U5xx_HAL_Driver/Src/stm32u5xx_hal_rcc.o
                0x0000000008005bd0                HAL_RCC_GetPCLK3Freq
 .text.HAL_RCC_GetClockConfig
                0x0000000008005bf8       0x70 ./Drivers/STM32U5xx_HAL_Driver/Src/stm32u5xx_hal_rcc.o
                0x0000000008005bf8                HAL_RCC_GetClockConfig
 .text.RCC_SetFlashLatencyFromMSIRange
                0x0000000008005c68      0x10c ./Drivers/STM32U5xx_HAL_Driver/Src/stm32u5xx_hal_rcc.o
 .text.HAL_RCCEx_PeriphCLKConfig
                0x0000000008005d74      0xb48 ./Drivers/STM32U5xx_HAL_Driver/Src/stm32u5xx_hal_rcc_ex.o
                0x0000000008005d74                HAL_RCCEx_PeriphCLKConfig
 .text.HAL_RCCEx_GetPLL1ClockFreq
                0x00000000080068bc      0x2b8 ./Drivers/STM32U5xx_HAL_Driver/Src/stm32u5xx_hal_rcc_ex.o
                0x00000000080068bc                HAL_RCCEx_GetPLL1ClockFreq
 .text.HAL_RCCEx_GetPLL2ClockFreq
                0x0000000008006b74      0x2b8 ./Drivers/STM32U5xx_HAL_Driver/Src/stm32u5xx_hal_rcc_ex.o
                0x0000000008006b74                HAL_RCCEx_GetPLL2ClockFreq
 .text.HAL_RCCEx_GetPLL3ClockFreq
                0x0000000008006e2c      0x2b8 ./Drivers/STM32U5xx_HAL_Driver/Src/stm32u5xx_hal_rcc_ex.o
                0x0000000008006e2c                HAL_RCCEx_GetPLL3ClockFreq
 .text.HAL_RCCEx_GetPeriphCLKFreq
                0x00000000080070e4     0x1374 ./Drivers/STM32U5xx_HAL_Driver/Src/stm32u5xx_hal_rcc_ex.o
                0x00000000080070e4                HAL_RCCEx_GetPeriphCLKFreq
 .text.RCCEx_PLL2_Config
                0x0000000008008458      0x130 ./Drivers/STM32U5xx_HAL_Driver/Src/stm32u5xx_hal_rcc_ex.o
 .text.RCCEx_PLL3_Config
                0x0000000008008588      0x130 ./Drivers/STM32U5xx_HAL_Driver/Src/stm32u5xx_hal_rcc_ex.o
 .text.HAL_RTC_Init
                0x00000000080086b8      0x104 ./Drivers/STM32U5xx_HAL_Driver/Src/stm32u5xx_hal_rtc.o
                0x00000000080086b8                HAL_RTC_Init
 .text.HAL_RTC_SetTime
                0x00000000080087bc      0x138 ./Drivers/STM32U5xx_HAL_Driver/Src/stm32u5xx_hal_rtc.o
                0x00000000080087bc                HAL_RTC_SetTime
 .text.HAL_RTC_SetDate
                0x00000000080088f4      0x10c ./Drivers/STM32U5xx_HAL_Driver/Src/stm32u5xx_hal_rtc.o
                0x00000000080088f4                HAL_RTC_SetDate
 .text.HAL_RTC_SetAlarm
                0x0000000008008a00      0x200 ./Drivers/STM32U5xx_HAL_Driver/Src/stm32u5xx_hal_rtc.o
                0x0000000008008a00                HAL_RTC_SetAlarm
 .text.HAL_RTC_WaitForSynchro
                0x0000000008008c00       0x64 ./Drivers/STM32U5xx_HAL_Driver/Src/stm32u5xx_hal_rtc.o
                0x0000000008008c00                HAL_RTC_WaitForSynchro
 .text.RTC_EnterInitMode
                0x0000000008008c64       0x78 ./Drivers/STM32U5xx_HAL_Driver/Src/stm32u5xx_hal_rtc.o
                0x0000000008008c64                RTC_EnterInitMode
 .text.RTC_ExitInitMode
                0x0000000008008cdc       0x7c ./Drivers/STM32U5xx_HAL_Driver/Src/stm32u5xx_hal_rtc.o
                0x0000000008008cdc                RTC_ExitInitMode
 .text.RTC_ByteToBcd2
                0x0000000008008d58       0x40 ./Drivers/STM32U5xx_HAL_Driver/Src/stm32u5xx_hal_rtc.o
                0x0000000008008d58                RTC_ByteToBcd2
 .text.HAL_RTCEx_PrivilegeModeSet
                0x0000000008008d98       0x5c ./Drivers/STM32U5xx_HAL_Driver/Src/stm32u5xx_hal_rtc_ex.o
                0x0000000008008d98                HAL_RTCEx_PrivilegeModeSet
 .text.HAL_SD_Init
                0x0000000008008df4      0x106 ./Drivers/STM32U5xx_HAL_Driver/Src/stm32u5xx_hal_sd.o
                0x0000000008008df4                HAL_SD_Init
 *fill*         0x0000000008008efa        0x2 
 .text.HAL_SD_InitCard
                0x0000000008008efc      0x138 ./Drivers/STM32U5xx_HAL_Driver/Src/stm32u5xx_hal_sd.o
                0x0000000008008efc                HAL_SD_InitCard
 .text.HAL_SD_IRQHandler
                0x0000000008009034      0x344 ./Drivers/STM32U5xx_HAL_Driver/Src/stm32u5xx_hal_sd.o
                0x0000000008009034                HAL_SD_IRQHandler
 .text.HAL_SD_TxCpltCallback
                0x0000000008009378       0x14 ./Drivers/STM32U5xx_HAL_Driver/Src/stm32u5xx_hal_sd.o
                0x0000000008009378                HAL_SD_TxCpltCallback
 .text.HAL_SD_RxCpltCallback
                0x000000000800938c       0x14 ./Drivers/STM32U5xx_HAL_Driver/Src/stm32u5xx_hal_sd.o
                0x000000000800938c                HAL_SD_RxCpltCallback
 .text.HAL_SD_ErrorCallback
                0x00000000080093a0       0x14 ./Drivers/STM32U5xx_HAL_Driver/Src/stm32u5xx_hal_sd.o
                0x00000000080093a0                HAL_SD_ErrorCallback
 .text.HAL_SD_GetCardCSD
                0x00000000080093b4      0x348 ./Drivers/STM32U5xx_HAL_Driver/Src/stm32u5xx_hal_sd.o
                0x00000000080093b4                HAL_SD_GetCardCSD
 .text.HAL_SD_GetCardStatus
                0x00000000080096fc      0x17c ./Drivers/STM32U5xx_HAL_Driver/Src/stm32u5xx_hal_sd.o
                0x00000000080096fc                HAL_SD_GetCardStatus
 .text.HAL_SD_ConfigWideBusOperation
                0x0000000008009878      0x224 ./Drivers/STM32U5xx_HAL_Driver/Src/stm32u5xx_hal_sd.o
                0x0000000008009878                HAL_SD_ConfigWideBusOperation
 .text.HAL_SD_GetCardState
                0x0000000008009a9c       0x40 ./Drivers/STM32U5xx_HAL_Driver/Src/stm32u5xx_hal_sd.o
                0x0000000008009a9c                HAL_SD_GetCardState
 .text.SD_InitCard
                0x0000000008009adc      0x19c ./Drivers/STM32U5xx_HAL_Driver/Src/stm32u5xx_hal_sd.o
 .text.SD_PowerON
                0x0000000008009c78      0x11c ./Drivers/STM32U5xx_HAL_Driver/Src/stm32u5xx_hal_sd.o
 .text.SD_SendSDStatus
                0x0000000008009d94      0x1a0 ./Drivers/STM32U5xx_HAL_Driver/Src/stm32u5xx_hal_sd.o
 .text.SD_SendStatus
                0x0000000008009f34       0x50 ./Drivers/STM32U5xx_HAL_Driver/Src/stm32u5xx_hal_sd.o
 .text.SD_WideBus_Enable
                0x0000000008009f84       0x96 ./Drivers/STM32U5xx_HAL_Driver/Src/stm32u5xx_hal_sd.o
 .text.SD_WideBus_Disable
                0x000000000800a01a       0x96 ./Drivers/STM32U5xx_HAL_Driver/Src/stm32u5xx_hal_sd.o
 .text.SD_FindSCR
                0x000000000800a0b0      0x1a0 ./Drivers/STM32U5xx_HAL_Driver/Src/stm32u5xx_hal_sd.o
 .text.SD_Read_IT
                0x000000000800a250       0x8c ./Drivers/STM32U5xx_HAL_Driver/Src/stm32u5xx_hal_sd.o
 .text.SD_Write_IT
                0x000000000800a2dc       0x94 ./Drivers/STM32U5xx_HAL_Driver/Src/stm32u5xx_hal_sd.o
 .text.HAL_SDEx_Read_DMALnkLstBufCpltCallback
                0x000000000800a370       0x14 ./Drivers/STM32U5xx_HAL_Driver/Src/stm32u5xx_hal_sd.o
                0x000000000800a370                HAL_SDEx_Read_DMALnkLstBufCpltCallback
 .text.HAL_SDEx_Write_DMALnkLstBufCpltCallback
                0x000000000800a384       0x14 ./Drivers/STM32U5xx_HAL_Driver/Src/stm32u5xx_hal_sd.o
                0x000000000800a384                HAL_SDEx_Write_DMALnkLstBufCpltCallback
 .text.HAL_TIM_Base_Init
                0x000000000800a398       0xae ./Drivers/STM32U5xx_HAL_Driver/Src/stm32u5xx_hal_tim.o
                0x000000000800a398                HAL_TIM_Base_Init
 .text.HAL_TIM_Base_MspInit
                0x000000000800a446       0x14 ./Drivers/STM32U5xx_HAL_Driver/Src/stm32u5xx_hal_tim.o
                0x000000000800a446                HAL_TIM_Base_MspInit
 *fill*         0x000000000800a45a        0x2 
 .text.HAL_TIM_Base_Start_IT
                0x000000000800a45c      0x140 ./Drivers/STM32U5xx_HAL_Driver/Src/stm32u5xx_hal_tim.o
                0x000000000800a45c                HAL_TIM_Base_Start_IT
 .text.HAL_TIM_IRQHandler
                0x000000000800a59c      0x29e ./Drivers/STM32U5xx_HAL_Driver/Src/stm32u5xx_hal_tim.o
                0x000000000800a59c                HAL_TIM_IRQHandler
 .text.HAL_TIM_OC_DelayElapsedCallback
                0x000000000800a83a       0x14 ./Drivers/STM32U5xx_HAL_Driver/Src/stm32u5xx_hal_tim.o
                0x000000000800a83a                HAL_TIM_OC_DelayElapsedCallback
 .text.HAL_TIM_IC_CaptureCallback
                0x000000000800a84e       0x14 ./Drivers/STM32U5xx_HAL_Driver/Src/stm32u5xx_hal_tim.o
                0x000000000800a84e                HAL_TIM_IC_CaptureCallback
 .text.HAL_TIM_PWM_PulseFinishedCallback
                0x000000000800a862       0x14 ./Drivers/STM32U5xx_HAL_Driver/Src/stm32u5xx_hal_tim.o
                0x000000000800a862                HAL_TIM_PWM_PulseFinishedCallback
 .text.HAL_TIM_TriggerCallback
                0x000000000800a876       0x14 ./Drivers/STM32U5xx_HAL_Driver/Src/stm32u5xx_hal_tim.o
                0x000000000800a876                HAL_TIM_TriggerCallback
 *fill*         0x000000000800a88a        0x2 
 .text.TIM_Base_SetConfig
                0x000000000800a88c      0x1f4 ./Drivers/STM32U5xx_HAL_Driver/Src/stm32u5xx_hal_tim.o
                0x000000000800a88c                TIM_Base_SetConfig
 .text.HAL_TIMEx_CommutCallback
                0x000000000800aa80       0x14 ./Drivers/STM32U5xx_HAL_Driver/Src/stm32u5xx_hal_tim_ex.o
                0x000000000800aa80                HAL_TIMEx_CommutCallback
 .text.HAL_TIMEx_BreakCallback
                0x000000000800aa94       0x14 ./Drivers/STM32U5xx_HAL_Driver/Src/stm32u5xx_hal_tim_ex.o
                0x000000000800aa94                HAL_TIMEx_BreakCallback
 .text.HAL_TIMEx_Break2Callback
                0x000000000800aaa8       0x14 ./Drivers/STM32U5xx_HAL_Driver/Src/stm32u5xx_hal_tim_ex.o
                0x000000000800aaa8                HAL_TIMEx_Break2Callback
 .text.HAL_TIMEx_EncoderIndexCallback
                0x000000000800aabc       0x14 ./Drivers/STM32U5xx_HAL_Driver/Src/stm32u5xx_hal_tim_ex.o
                0x000000000800aabc                HAL_TIMEx_EncoderIndexCallback
 .text.HAL_TIMEx_DirectionChangeCallback
                0x000000000800aad0       0x14 ./Drivers/STM32U5xx_HAL_Driver/Src/stm32u5xx_hal_tim_ex.o
                0x000000000800aad0                HAL_TIMEx_DirectionChangeCallback
 .text.HAL_TIMEx_IndexErrorCallback
                0x000000000800aae4       0x14 ./Drivers/STM32U5xx_HAL_Driver/Src/stm32u5xx_hal_tim_ex.o
                0x000000000800aae4                HAL_TIMEx_IndexErrorCallback
 .text.HAL_TIMEx_TransitionErrorCallback
                0x000000000800aaf8       0x14 ./Drivers/STM32U5xx_HAL_Driver/Src/stm32u5xx_hal_tim_ex.o
                0x000000000800aaf8                HAL_TIMEx_TransitionErrorCallback
 .text.HAL_UART_Init
                0x000000000800ab0c       0xa0 ./Drivers/STM32U5xx_HAL_Driver/Src/stm32u5xx_hal_uart.o
                0x000000000800ab0c                HAL_UART_Init
 .text.HAL_UART_Transmit
                0x000000000800abac      0x13c ./Drivers/STM32U5xx_HAL_Driver/Src/stm32u5xx_hal_uart.o
                0x000000000800abac                HAL_UART_Transmit
 .text.HAL_UART_IRQHandler
                0x000000000800ace8      0x580 ./Drivers/STM32U5xx_HAL_Driver/Src/stm32u5xx_hal_uart.o
                0x000000000800ace8                HAL_UART_IRQHandler
 .text.HAL_UART_TxCpltCallback
                0x000000000800b268       0x14 ./Drivers/STM32U5xx_HAL_Driver/Src/stm32u5xx_hal_uart.o
                0x000000000800b268                HAL_UART_TxCpltCallback
 .text.HAL_UART_ErrorCallback
                0x000000000800b27c       0x14 ./Drivers/STM32U5xx_HAL_Driver/Src/stm32u5xx_hal_uart.o
                0x000000000800b27c                HAL_UART_ErrorCallback
 .text.HAL_UARTEx_RxEventCallback
                0x000000000800b290       0x18 ./Drivers/STM32U5xx_HAL_Driver/Src/stm32u5xx_hal_uart.o
                0x000000000800b290                HAL_UARTEx_RxEventCallback
 .text.UART_SetConfig
                0x000000000800b2a8      0x344 ./Drivers/STM32U5xx_HAL_Driver/Src/stm32u5xx_hal_uart.o
                0x000000000800b2a8                UART_SetConfig
 .text.UART_AdvFeatureConfig
                0x000000000800b5ec      0x144 ./Drivers/STM32U5xx_HAL_Driver/Src/stm32u5xx_hal_uart.o
                0x000000000800b5ec                UART_AdvFeatureConfig
 .text.UART_CheckIdleState
                0x000000000800b730      0x154 ./Drivers/STM32U5xx_HAL_Driver/Src/stm32u5xx_hal_uart.o
                0x000000000800b730                UART_CheckIdleState
 .text.UART_WaitOnFlagUntilTimeout
                0x000000000800b884       0xce ./Drivers/STM32U5xx_HAL_Driver/Src/stm32u5xx_hal_uart.o
                0x000000000800b884                UART_WaitOnFlagUntilTimeout
 .text.UART_EndRxTransfer
                0x000000000800b952       0xcc ./Drivers/STM32U5xx_HAL_Driver/Src/stm32u5xx_hal_uart.o
 .text.UART_DMAAbortOnError
                0x000000000800ba1e       0x2c ./Drivers/STM32U5xx_HAL_Driver/Src/stm32u5xx_hal_uart.o
 .text.UART_EndTransmit_IT
                0x000000000800ba4a       0x56 ./Drivers/STM32U5xx_HAL_Driver/Src/stm32u5xx_hal_uart.o
 .text.HAL_UARTEx_RxFifoFullCallback
                0x000000000800baa0       0x14 ./Drivers/STM32U5xx_HAL_Driver/Src/stm32u5xx_hal_uart_ex.o
                0x000000000800baa0                HAL_UARTEx_RxFifoFullCallback
 .text.HAL_UARTEx_TxFifoEmptyCallback
                0x000000000800bab4       0x14 ./Drivers/STM32U5xx_HAL_Driver/Src/stm32u5xx_hal_uart_ex.o
                0x000000000800bab4                HAL_UARTEx_TxFifoEmptyCallback
 .text.HAL_UARTEx_DisableFifoMode
                0x000000000800bac8       0x72 ./Drivers/STM32U5xx_HAL_Driver/Src/stm32u5xx_hal_uart_ex.o
                0x000000000800bac8                HAL_UARTEx_DisableFifoMode
 .text.HAL_UARTEx_SetTxFifoThreshold
                0x000000000800bb3a       0x7c ./Drivers/STM32U5xx_HAL_Driver/Src/stm32u5xx_hal_uart_ex.o
                0x000000000800bb3a                HAL_UARTEx_SetTxFifoThreshold
 .text.HAL_UARTEx_SetRxFifoThreshold
                0x000000000800bbb6       0x7c ./Drivers/STM32U5xx_HAL_Driver/Src/stm32u5xx_hal_uart_ex.o
                0x000000000800bbb6                HAL_UARTEx_SetRxFifoThreshold
 *fill*         0x000000000800bc32        0x2 
 .text.UARTEx_SetNbDataToProcess
                0x000000000800bc34       0x9c ./Drivers/STM32U5xx_HAL_Driver/Src/stm32u5xx_hal_uart_ex.o
 .text.SDMMC_Init
                0x000000000800bcd0       0x54 ./Drivers/STM32U5xx_HAL_Driver/Src/stm32u5xx_ll_sdmmc.o
                0x000000000800bcd0                SDMMC_Init
 .text.SDMMC_ReadFIFO
                0x000000000800bd24       0x1a ./Drivers/STM32U5xx_HAL_Driver/Src/stm32u5xx_ll_sdmmc.o
                0x000000000800bd24                SDMMC_ReadFIFO
 .text.SDMMC_WriteFIFO
                0x000000000800bd3e       0x22 ./Drivers/STM32U5xx_HAL_Driver/Src/stm32u5xx_ll_sdmmc.o
                0x000000000800bd3e                SDMMC_WriteFIFO
 .text.SDMMC_PowerState_ON
                0x000000000800bd60       0x22 ./Drivers/STM32U5xx_HAL_Driver/Src/stm32u5xx_ll_sdmmc.o
                0x000000000800bd60                SDMMC_PowerState_ON
 .text.SDMMC_GetPowerState
                0x000000000800bd82       0x1c ./Drivers/STM32U5xx_HAL_Driver/Src/stm32u5xx_ll_sdmmc.o
                0x000000000800bd82                SDMMC_GetPowerState
 *fill*         0x000000000800bd9e        0x2 
 .text.SDMMC_SendCommand
                0x000000000800bda0       0x54 ./Drivers/STM32U5xx_HAL_Driver/Src/stm32u5xx_ll_sdmmc.o
                0x000000000800bda0                SDMMC_SendCommand
 .text.SDMMC_GetCommandResponse
                0x000000000800bdf4       0x1a ./Drivers/STM32U5xx_HAL_Driver/Src/stm32u5xx_ll_sdmmc.o
                0x000000000800bdf4                SDMMC_GetCommandResponse
 .text.SDMMC_GetResponse
                0x000000000800be0e       0x26 ./Drivers/STM32U5xx_HAL_Driver/Src/stm32u5xx_ll_sdmmc.o
                0x000000000800be0e                SDMMC_GetResponse
 .text.SDMMC_ConfigData
                0x000000000800be34       0x58 ./Drivers/STM32U5xx_HAL_Driver/Src/stm32u5xx_ll_sdmmc.o
                0x000000000800be34                SDMMC_ConfigData
 .text.SDMMC_CmdBlockLength
                0x000000000800be8c       0x46 ./Drivers/STM32U5xx_HAL_Driver/Src/stm32u5xx_ll_sdmmc.o
                0x000000000800be8c                SDMMC_CmdBlockLength
 *fill*         0x000000000800bed2        0x2 
 .text.SDMMC_CmdStopTransfer
                0x000000000800bed4       0x78 ./Drivers/STM32U5xx_HAL_Driver/Src/stm32u5xx_ll_sdmmc.o
                0x000000000800bed4                SDMMC_CmdStopTransfer
 .text.SDMMC_CmdSelDesel
                0x000000000800bf4c       0x46 ./Drivers/STM32U5xx_HAL_Driver/Src/stm32u5xx_ll_sdmmc.o
                0x000000000800bf4c                SDMMC_CmdSelDesel
 .text.SDMMC_CmdGoIdleState
                0x000000000800bf92       0x3c ./Drivers/STM32U5xx_HAL_Driver/Src/stm32u5xx_ll_sdmmc.o
                0x000000000800bf92                SDMMC_CmdGoIdleState
 .text.SDMMC_CmdOperCond
                0x000000000800bfce       0x40 ./Drivers/STM32U5xx_HAL_Driver/Src/stm32u5xx_ll_sdmmc.o
                0x000000000800bfce                SDMMC_CmdOperCond
 .text.SDMMC_CmdAppCommand
                0x000000000800c00e       0x46 ./Drivers/STM32U5xx_HAL_Driver/Src/stm32u5xx_ll_sdmmc.o
                0x000000000800c00e                SDMMC_CmdAppCommand
 .text.SDMMC_CmdAppOperCommand
                0x000000000800c054       0x40 ./Drivers/STM32U5xx_HAL_Driver/Src/stm32u5xx_ll_sdmmc.o
                0x000000000800c054                SDMMC_CmdAppOperCommand
 .text.SDMMC_CmdBusWidth
                0x000000000800c094       0x46 ./Drivers/STM32U5xx_HAL_Driver/Src/stm32u5xx_ll_sdmmc.o
                0x000000000800c094                SDMMC_CmdBusWidth
 .text.SDMMC_CmdSendSCR
                0x000000000800c0da       0x44 ./Drivers/STM32U5xx_HAL_Driver/Src/stm32u5xx_ll_sdmmc.o
                0x000000000800c0da                SDMMC_CmdSendSCR
 .text.SDMMC_CmdSendCID
                0x000000000800c11e       0x3e ./Drivers/STM32U5xx_HAL_Driver/Src/stm32u5xx_ll_sdmmc.o
                0x000000000800c11e                SDMMC_CmdSendCID
 .text.SDMMC_CmdSendCSD
                0x000000000800c15c       0x40 ./Drivers/STM32U5xx_HAL_Driver/Src/stm32u5xx_ll_sdmmc.o
                0x000000000800c15c                SDMMC_CmdSendCSD
 .text.SDMMC_CmdSetRelAdd
                0x000000000800c19c       0x44 ./Drivers/STM32U5xx_HAL_Driver/Src/stm32u5xx_ll_sdmmc.o
                0x000000000800c19c                SDMMC_CmdSetRelAdd
 .text.SDMMC_CmdSendStatus
                0x000000000800c1e0       0x46 ./Drivers/STM32U5xx_HAL_Driver/Src/stm32u5xx_ll_sdmmc.o
                0x000000000800c1e0                SDMMC_CmdSendStatus
 .text.SDMMC_CmdStatusRegister
                0x000000000800c226       0x44 ./Drivers/STM32U5xx_HAL_Driver/Src/stm32u5xx_ll_sdmmc.o
                0x000000000800c226                SDMMC_CmdStatusRegister
 *fill*         0x000000000800c26a        0x2 
 .text.SDMMC_GetCmdResp1
                0x000000000800c26c      0x1e4 ./Drivers/STM32U5xx_HAL_Driver/Src/stm32u5xx_ll_sdmmc.o
                0x000000000800c26c                SDMMC_GetCmdResp1
 .text.SDMMC_GetCmdResp2
                0x000000000800c450       0x94 ./Drivers/STM32U5xx_HAL_Driver/Src/stm32u5xx_ll_sdmmc.o
                0x000000000800c450                SDMMC_GetCmdResp2
 .text.SDMMC_GetCmdResp3
                0x000000000800c4e4       0x80 ./Drivers/STM32U5xx_HAL_Driver/Src/stm32u5xx_ll_sdmmc.o
                0x000000000800c4e4                SDMMC_GetCmdResp3
 .text.SDMMC_GetCmdResp6
                0x000000000800c564       0xf0 ./Drivers/STM32U5xx_HAL_Driver/Src/stm32u5xx_ll_sdmmc.o
                0x000000000800c564                SDMMC_GetCmdResp6
 .text.SDMMC_GetCmdResp7
                0x000000000800c654       0x9c ./Drivers/STM32U5xx_HAL_Driver/Src/stm32u5xx_ll_sdmmc.o
                0x000000000800c654                SDMMC_GetCmdResp7
 .text.SDMMC_GetCmdError
                0x000000000800c6f0       0x5c ./Drivers/STM32U5xx_HAL_Driver/Src/stm32u5xx_ll_sdmmc.o
 .text.sprintf  0x000000000800c74c       0x40 C:/ST/STM32CubeIDE_1.14.1/STM32CubeIDE/plugins/com.st.stm32cube.ide.mcu.externaltools.gnu-tools-for-stm32.11.3.rel1.win32_1.1.100.202309141235/tools/bin/../lib/gcc/arm-none-eabi/11.3.1/../../../../arm-none-eabi/lib/thumb/v8-m.main+fp/hard\libc_nano.a(libc_a-sprintf.o)
                0x000000000800c74c                siprintf
                0x000000000800c74c                sprintf
 .text.memset   0x000000000800c78c       0x10 C:/ST/STM32CubeIDE_1.14.1/STM32CubeIDE/plugins/com.st.stm32cube.ide.mcu.externaltools.gnu-tools-for-stm32.11.3.rel1.win32_1.1.100.202309141235/tools/bin/../lib/gcc/arm-none-eabi/11.3.1/../../../../arm-none-eabi/lib/thumb/v8-m.main+fp/hard\libc_nano.a(libc_a-memset.o)
                0x000000000800c78c                memset
 .text.__errno  0x000000000800c79c        0xc C:/ST/STM32CubeIDE_1.14.1/STM32CubeIDE/plugins/com.st.stm32cube.ide.mcu.externaltools.gnu-tools-for-stm32.11.3.rel1.win32_1.1.100.202309141235/tools/bin/../lib/gcc/arm-none-eabi/11.3.1/../../../../arm-none-eabi/lib/thumb/v8-m.main+fp/hard\libc_nano.a(libc_a-errno.o)
                0x000000000800c79c                __errno
 .text.__libc_init_array
                0x000000000800c7a8       0x48 C:/ST/STM32CubeIDE_1.14.1/STM32CubeIDE/plugins/com.st.stm32cube.ide.mcu.externaltools.gnu-tools-for-stm32.11.3.rel1.win32_1.1.100.202309141235/tools/bin/../lib/gcc/arm-none-eabi/11.3.1/../../../../arm-none-eabi/lib/thumb/v8-m.main+fp/hard\libc_nano.a(libc_a-init.o)
                0x000000000800c7a8                __libc_init_array
 .text.__retarget_lock_acquire_recursive
                0x000000000800c7f0        0x2 C:/ST/STM32CubeIDE_1.14.1/STM32CubeIDE/plugins/com.st.stm32cube.ide.mcu.externaltools.gnu-tools-for-stm32.11.3.rel1.win32_1.1.100.202309141235/tools/bin/../lib/gcc/arm-none-eabi/11.3.1/../../../../arm-none-eabi/lib/thumb/v8-m.main+fp/hard\libc_nano.a(libc_a-lock.o)
                0x000000000800c7f0                __retarget_lock_acquire_recursive
 .text.__retarget_lock_release_recursive
                0x000000000800c7f2        0x2 C:/ST/STM32CubeIDE_1.14.1/STM32CubeIDE/plugins/com.st.stm32cube.ide.mcu.externaltools.gnu-tools-for-stm32.11.3.rel1.win32_1.1.100.202309141235/tools/bin/../lib/gcc/arm-none-eabi/11.3.1/../../../../arm-none-eabi/lib/thumb/v8-m.main+fp/hard\libc_nano.a(libc_a-lock.o)
                0x000000000800c7f2                __retarget_lock_release_recursive
 .text._free_r  0x000000000800c7f4       0x98 C:/ST/STM32CubeIDE_1.14.1/STM32CubeIDE/plugins/com.st.stm32cube.ide.mcu.externaltools.gnu-tools-for-stm32.11.3.rel1.win32_1.1.100.202309141235/tools/bin/../lib/gcc/arm-none-eabi/11.3.1/../../../../arm-none-eabi/lib/thumb/v8-m.main+fp/hard\libc_nano.a(libc_a-freer.o)
                0x000000000800c7f4                _free_r
 .text.sbrk_aligned
                0x000000000800c88c       0x40 C:/ST/STM32CubeIDE_1.14.1/STM32CubeIDE/plugins/com.st.stm32cube.ide.mcu.externaltools.gnu-tools-for-stm32.11.3.rel1.win32_1.1.100.202309141235/tools/bin/../lib/gcc/arm-none-eabi/11.3.1/../../../../arm-none-eabi/lib/thumb/v8-m.main+fp/hard\libc_nano.a(libc_a-mallocr.o)
 .text._malloc_r
                0x000000000800c8cc      0x100 C:/ST/STM32CubeIDE_1.14.1/STM32CubeIDE/plugins/com.st.stm32cube.ide.mcu.externaltools.gnu-tools-for-stm32.11.3.rel1.win32_1.1.100.202309141235/tools/bin/../lib/gcc/arm-none-eabi/11.3.1/../../../../arm-none-eabi/lib/thumb/v8-m.main+fp/hard\libc_nano.a(libc_a-mallocr.o)
                0x000000000800c8cc                _malloc_r
 .text.__malloc_lock
                0x000000000800c9cc        0xc C:/ST/STM32CubeIDE_1.14.1/STM32CubeIDE/plugins/com.st.stm32cube.ide.mcu.externaltools.gnu-tools-for-stm32.11.3.rel1.win32_1.1.100.202309141235/tools/bin/../lib/gcc/arm-none-eabi/11.3.1/../../../../arm-none-eabi/lib/thumb/v8-m.main+fp/hard\libc_nano.a(libc_a-mlock.o)
                0x000000000800c9cc                __malloc_lock
 .text.__malloc_unlock
                0x000000000800c9d8        0xc C:/ST/STM32CubeIDE_1.14.1/STM32CubeIDE/plugins/com.st.stm32cube.ide.mcu.externaltools.gnu-tools-for-stm32.11.3.rel1.win32_1.1.100.202309141235/tools/bin/../lib/gcc/arm-none-eabi/11.3.1/../../../../arm-none-eabi/lib/thumb/v8-m.main+fp/hard\libc_nano.a(libc_a-mlock.o)
                0x000000000800c9d8                __malloc_unlock
 .text.__ssputs_r
                0x000000000800c9e4       0xb4 C:/ST/STM32CubeIDE_1.14.1/STM32CubeIDE/plugins/com.st.stm32cube.ide.mcu.externaltools.gnu-tools-for-stm32.11.3.rel1.win32_1.1.100.202309141235/tools/bin/../lib/gcc/arm-none-eabi/11.3.1/../../../../arm-none-eabi/lib/thumb/v8-m.main+fp/hard\libc_nano.a(libc_a-nano-svfprintf.o)
                0x000000000800c9e4                __ssputs_r
 .text._svfprintf_r
                0x000000000800ca98      0x1fc C:/ST/STM32CubeIDE_1.14.1/STM32CubeIDE/plugins/com.st.stm32cube.ide.mcu.externaltools.gnu-tools-for-stm32.11.3.rel1.win32_1.1.100.202309141235/tools/bin/../lib/gcc/arm-none-eabi/11.3.1/../../../../arm-none-eabi/lib/thumb/v8-m.main+fp/hard\libc_nano.a(libc_a-nano-svfprintf.o)
                0x000000000800ca98                _svfiprintf_r
                0x000000000800ca98                _svfprintf_r
 .text._printf_common
                0x000000000800cc94       0xe4 C:/ST/STM32CubeIDE_1.14.1/STM32CubeIDE/plugins/com.st.stm32cube.ide.mcu.externaltools.gnu-tools-for-stm32.11.3.rel1.win32_1.1.100.202309141235/tools/bin/../lib/gcc/arm-none-eabi/11.3.1/../../../../arm-none-eabi/lib/thumb/v8-m.main+fp/hard\libc_nano.a(libc_a-nano-vfprintf_i.o)
                0x000000000800cc94                _printf_common
 .text._printf_i
                0x000000000800cd78      0x240 C:/ST/STM32CubeIDE_1.14.1/STM32CubeIDE/plugins/com.st.stm32cube.ide.mcu.externaltools.gnu-tools-for-stm32.11.3.rel1.win32_1.1.100.202309141235/tools/bin/../lib/gcc/arm-none-eabi/11.3.1/../../../../arm-none-eabi/lib/thumb/v8-m.main+fp/hard\libc_nano.a(libc_a-nano-vfprintf_i.o)
                0x000000000800cd78                _printf_i
 .text.memmove  0x000000000800cfb8       0x34 C:/ST/STM32CubeIDE_1.14.1/STM32CubeIDE/plugins/com.st.stm32cube.ide.mcu.externaltools.gnu-tools-for-stm32.11.3.rel1.win32_1.1.100.202309141235/tools/bin/../lib/gcc/arm-none-eabi/11.3.1/../../../../arm-none-eabi/lib/thumb/v8-m.main+fp/hard\libc_nano.a(libc_a-memmove.o)
                0x000000000800cfb8                memmove
 .text._sbrk_r  0x000000000800cfec       0x20 C:/ST/STM32CubeIDE_1.14.1/STM32CubeIDE/plugins/com.st.stm32cube.ide.mcu.externaltools.gnu-tools-for-stm32.11.3.rel1.win32_1.1.100.202309141235/tools/bin/../lib/gcc/arm-none-eabi/11.3.1/../../../../arm-none-eabi/lib/thumb/v8-m.main+fp/hard\libc_nano.a(libc_a-sbrkr.o)
                0x000000000800cfec                _sbrk_r
 .text.memchr   0x000000000800d00c       0x1c C:/ST/STM32CubeIDE_1.14.1/STM32CubeIDE/plugins/com.st.stm32cube.ide.mcu.externaltools.gnu-tools-for-stm32.11.3.rel1.win32_1.1.100.202309141235/tools/bin/../lib/gcc/arm-none-eabi/11.3.1/../../../../arm-none-eabi/lib/thumb/v8-m.main+fp/hard\libc_nano.a(libc_a-memchr-stub.o)
                0x000000000800d00c                memchr
 .text.memcpy   0x000000000800d028       0x1a C:/ST/STM32CubeIDE_1.14.1/STM32CubeIDE/plugins/com.st.stm32cube.ide.mcu.externaltools.gnu-tools-for-stm32.11.3.rel1.win32_1.1.100.202309141235/tools/bin/../lib/gcc/arm-none-eabi/11.3.1/../../../../arm-none-eabi/lib/thumb/v8-m.main+fp/hard\libc_nano.a(libc_a-memcpy-stub.o)
                0x000000000800d028                memcpy
 .text._realloc_r
                0x000000000800d042       0x5e C:/ST/STM32CubeIDE_1.14.1/STM32CubeIDE/plugins/com.st.stm32cube.ide.mcu.externaltools.gnu-tools-for-stm32.11.3.rel1.win32_1.1.100.202309141235/tools/bin/../lib/gcc/arm-none-eabi/11.3.1/../../../../arm-none-eabi/lib/thumb/v8-m.main+fp/hard\libc_nano.a(libc_a-reallocr.o)
                0x000000000800d042                _realloc_r
 .text._malloc_usable_size_r
                0x000000000800d0a0       0x10 C:/ST/STM32CubeIDE_1.14.1/STM32CubeIDE/plugins/com.st.stm32cube.ide.mcu.externaltools.gnu-tools-for-stm32.11.3.rel1.win32_1.1.100.202309141235/tools/bin/../lib/gcc/arm-none-eabi/11.3.1/../../../../arm-none-eabi/lib/thumb/v8-m.main+fp/hard\libc_nano.a(libc_a-msizer.o)
                0x000000000800d0a0                _malloc_usable_size_r
 *(.glue_7)
 .glue_7        0x000000000800d0b0        0x0 linker stubs
 *(.glue_7t)
 .glue_7t       0x000000000800d0b0        0x0 linker stubs
 *(.eh_frame)
 .eh_frame      0x000000000800d0b0        0x0 C:/ST/STM32CubeIDE_1.14.1/STM32CubeIDE/plugins/com.st.stm32cube.ide.mcu.externaltools.gnu-tools-for-stm32.11.3.rel1.win32_1.1.100.202309141235/tools/bin/../lib/gcc/arm-none-eabi/11.3.1/thumb/v8-m.main+fp/hard/crtbegin.o
 *(.init)
 .init          0x000000000800d0b0        0x4 C:/ST/STM32CubeIDE_1.14.1/STM32CubeIDE/plugins/com.st.stm32cube.ide.mcu.externaltools.gnu-tools-for-stm32.11.3.rel1.win32_1.1.100.202309141235/tools/bin/../lib/gcc/arm-none-eabi/11.3.1/thumb/v8-m.main+fp/hard/crti.o
                0x000000000800d0b0                _init
 .init          0x000000000800d0b4        0x8 C:/ST/STM32CubeIDE_1.14.1/STM32CubeIDE/plugins/com.st.stm32cube.ide.mcu.externaltools.gnu-tools-for-stm32.11.3.rel1.win32_1.1.100.202309141235/tools/bin/../lib/gcc/arm-none-eabi/11.3.1/thumb/v8-m.main+fp/hard/crtn.o
 *(.fini)
 .fini          0x000000000800d0bc        0x4 C:/ST/STM32CubeIDE_1.14.1/STM32CubeIDE/plugins/com.st.stm32cube.ide.mcu.externaltools.gnu-tools-for-stm32.11.3.rel1.win32_1.1.100.202309141235/tools/bin/../lib/gcc/arm-none-eabi/11.3.1/thumb/v8-m.main+fp/hard/crti.o
                0x000000000800d0bc                _fini
 .fini          0x000000000800d0c0        0x8 C:/ST/STM32CubeIDE_1.14.1/STM32CubeIDE/plugins/com.st.stm32cube.ide.mcu.externaltools.gnu-tools-for-stm32.11.3.rel1.win32_1.1.100.202309141235/tools/bin/../lib/gcc/arm-none-eabi/11.3.1/thumb/v8-m.main+fp/hard/crtn.o
                0x000000000800d0c8                _etext = .

.vfp11_veneer   0x000000000800d0c8        0x0
 .vfp11_veneer  0x000000000800d0c8        0x0 linker stubs

.v4_bx          0x000000000800d0c8        0x0
 .v4_bx         0x000000000800d0c8        0x0 linker stubs

.iplt           0x000000000800d0c8        0x0
 .iplt          0x000000000800d0c8        0x0 C:/ST/STM32CubeIDE_1.14.1/STM32CubeIDE/plugins/com.st.stm32cube.ide.mcu.externaltools.gnu-tools-for-stm32.11.3.rel1.win32_1.1.100.202309141235/tools/bin/../lib/gcc/arm-none-eabi/11.3.1/thumb/v8-m.main+fp/hard/crtbegin.o

.rodata         0x000000000800d0c8      0x13f
 *(.rodata)
 .rodata        0x000000000800d0c8        0xb ./Core/Src/main.o
 *(.rodata*)
 *fill*         0x000000000800d0d3        0x1 
 .rodata.AHBPrescTable
                0x000000000800d0d4       0x10 ./Core/Src/system_stm32u5xx.o
                0x000000000800d0d4                AHBPrescTable
 .rodata.APBPrescTable
                0x000000000800d0e4        0x8 ./Core/Src/system_stm32u5xx.o
                0x000000000800d0e4                APBPrescTable
 .rodata.MSIRangeTable
                0x000000000800d0ec       0x40 ./Core/Src/system_stm32u5xx.o
                0x000000000800d0ec                MSIRangeTable
 .rodata.LPGPIO_Map
                0x000000000800d12c       0x80 ./Drivers/STM32U5xx_HAL_Driver/Src/stm32u5xx_hal_gpio.o
 .rodata.UARTPrescTable
                0x000000000800d1ac       0x18 ./Drivers/STM32U5xx_HAL_Driver/Src/stm32u5xx_hal_uart.o
                0x000000000800d1ac                UARTPrescTable
 .rodata.numerator.1
                0x000000000800d1c4        0x8 ./Drivers/STM32U5xx_HAL_Driver/Src/stm32u5xx_hal_uart_ex.o
 .rodata.denominator.0
                0x000000000800d1cc        0x8 ./Drivers/STM32U5xx_HAL_Driver/Src/stm32u5xx_hal_uart_ex.o
 .rodata._svfprintf_r.str1.1
                0x000000000800d1d4       0x11 C:/ST/STM32CubeIDE_1.14.1/STM32CubeIDE/plugins/com.st.stm32cube.ide.mcu.externaltools.gnu-tools-for-stm32.11.3.rel1.win32_1.1.100.202309141235/tools/bin/../lib/gcc/arm-none-eabi/11.3.1/../../../../arm-none-eabi/lib/thumb/v8-m.main+fp/hard\libc_nano.a(libc_a-nano-svfprintf.o)
 .rodata._printf_i.str1.1
                0x000000000800d1e5       0x22 C:/ST/STM32CubeIDE_1.14.1/STM32CubeIDE/plugins/com.st.stm32cube.ide.mcu.externaltools.gnu-tools-for-stm32.11.3.rel1.win32_1.1.100.202309141235/tools/bin/../lib/gcc/arm-none-eabi/11.3.1/../../../../arm-none-eabi/lib/thumb/v8-m.main+fp/hard\libc_nano.a(libc_a-nano-vfprintf_i.o)

.ARM.extab
 *(.ARM.extab* .gnu.linkonce.armextab.*)

.ARM            0x000000000800d208        0x8
                0x000000000800d208                __exidx_start = .
 *(.ARM.exidx*)
 .ARM.exidx     0x000000000800d208        0x8 C:/ST/STM32CubeIDE_1.14.1/STM32CubeIDE/plugins/com.st.stm32cube.ide.mcu.externaltools.gnu-tools-for-stm32.11.3.rel1.win32_1.1.100.202309141235/tools/bin/../lib/gcc/arm-none-eabi/11.3.1/thumb/v8-m.main+fp/hard\libgcc.a(_udivmoddi4.o)
                0x000000000800d210                __exidx_end = .

.rel.dyn        0x000000000800d210        0x0
 .rel.iplt      0x000000000800d210        0x0 C:/ST/STM32CubeIDE_1.14.1/STM32CubeIDE/plugins/com.st.stm32cube.ide.mcu.externaltools.gnu-tools-for-stm32.11.3.rel1.win32_1.1.100.202309141235/tools/bin/../lib/gcc/arm-none-eabi/11.3.1/thumb/v8-m.main+fp/hard/crtbegin.o

.preinit_array  0x000000000800d210        0x0
                0x000000000800d210                PROVIDE (__preinit_array_start = .)
 *(.preinit_array*)
                0x000000000800d210                PROVIDE (__preinit_array_end = .)

.init_array     0x000000000800d210        0x4
                0x000000000800d210                PROVIDE (__init_array_start = .)
 *(SORT_BY_NAME(.init_array.*))
 *(.init_array*)
 .init_array    0x000000000800d210        0x4 C:/ST/STM32CubeIDE_1.14.1/STM32CubeIDE/plugins/com.st.stm32cube.ide.mcu.externaltools.gnu-tools-for-stm32.11.3.rel1.win32_1.1.100.202309141235/tools/bin/../lib/gcc/arm-none-eabi/11.3.1/thumb/v8-m.main+fp/hard/crtbegin.o
                0x000000000800d214                PROVIDE (__init_array_end = .)

.fini_array     0x000000000800d214        0x4
                [!provide]                        PROVIDE (__fini_array_start = .)
 *(SORT_BY_NAME(.fini_array.*))
 *(.fini_array*)
 .fini_array    0x000000000800d214        0x4 C:/ST/STM32CubeIDE_1.14.1/STM32CubeIDE/plugins/com.st.stm32cube.ide.mcu.externaltools.gnu-tools-for-stm32.11.3.rel1.win32_1.1.100.202309141235/tools/bin/../lib/gcc/arm-none-eabi/11.3.1/thumb/v8-m.main+fp/hard/crtbegin.o
                [!provide]                        PROVIDE (__fini_array_end = .)
                0x000000000800d218                _sidata = LOADADDR (.data)

.data           0x0000000020000000       0x5c load address 0x000000000800d218
                0x0000000020000000                _sdata = .
 *(.data)
 *(.data*)
 .data.SystemCoreClock
                0x0000000020000000        0x4 ./Core/Src/system_stm32u5xx.o
                0x0000000020000000                SystemCoreClock
 .data.uwTickPrio
                0x0000000020000004        0x4 ./Drivers/STM32U5xx_HAL_Driver/Src/stm32u5xx_hal.o
                0x0000000020000004                uwTickPrio
 .data.uwTickFreq
                0x0000000020000008        0x1 ./Drivers/STM32U5xx_HAL_Driver/Src/stm32u5xx_hal.o
                0x0000000020000008                uwTickFreq
 *fill*         0x0000000020000009        0x3 
 .data._impure_data
                0x000000002000000c       0x4c C:/ST/STM32CubeIDE_1.14.1/STM32CubeIDE/plugins/com.st.stm32cube.ide.mcu.externaltools.gnu-tools-for-stm32.11.3.rel1.win32_1.1.100.202309141235/tools/bin/../lib/gcc/arm-none-eabi/11.3.1/../../../../arm-none-eabi/lib/thumb/v8-m.main+fp/hard\libc_nano.a(libc_a-impure.o)
                0x000000002000000c                _impure_data
 .data._impure_ptr
                0x0000000020000058        0x4 C:/ST/STM32CubeIDE_1.14.1/STM32CubeIDE/plugins/com.st.stm32cube.ide.mcu.externaltools.gnu-tools-for-stm32.11.3.rel1.win32_1.1.100.202309141235/tools/bin/../lib/gcc/arm-none-eabi/11.3.1/../../../../arm-none-eabi/lib/thumb/v8-m.main+fp/hard\libc_nano.a(libc_a-impure.o)
                0x0000000020000058                _impure_ptr
 *(.RamFunc)
 *(.RamFunc*)
                0x000000002000005c                _edata = .

.igot.plt       0x000000002000005c        0x0 load address 0x000000000800d274
 .igot.plt      0x000000002000005c        0x0 C:/ST/STM32CubeIDE_1.14.1/STM32CubeIDE/plugins/com.st.stm32cube.ide.mcu.externaltools.gnu-tools-for-stm32.11.3.rel1.win32_1.1.100.202309141235/tools/bin/../lib/gcc/arm-none-eabi/11.3.1/thumb/v8-m.main+fp/hard/crtbegin.o

.bss            0x000000002000005c      0xa28 load address 0x000000000800d274
                0x000000002000005c                _sbss = .
                0x000000002000005c                __bss_start__ = _sbss
 *(.bss)
 .bss           0x000000002000005c       0x1c C:/ST/STM32CubeIDE_1.14.1/STM32CubeIDE/plugins/com.st.stm32cube.ide.mcu.externaltools.gnu-tools-for-stm32.11.3.rel1.win32_1.1.100.202309141235/tools/bin/../lib/gcc/arm-none-eabi/11.3.1/thumb/v8-m.main+fp/hard/crtbegin.o
 *(.bss*)
 .bss.hadc4     0x0000000020000078       0x8c ./Core/Src/adc.o
                0x0000000020000078                hadc4
 .bss.hi2c1     0x0000000020000104       0x54 ./Core/Src/i2c.o
                0x0000000020000104                hi2c1
 .bss.TransmitBuffer
                0x0000000020000158      0x400 ./Core/Src/main.o
                0x0000000020000158                TransmitBuffer
 .bss.hrtc      0x0000000020000558       0x30 ./Core/Src/rtc.o
                0x0000000020000558                hrtc
 .bss.hsd1      0x0000000020000588       0x7c ./Core/Src/sdmmc.o
                0x0000000020000588                hsd1
 .bss.htim6     0x0000000020000604       0x4c ./Core/Src/stm32u5xx_hal_timebase_tim.o
                0x0000000020000604                htim6
 .bss.__sbrk_heap_end
                0x0000000020000650        0x4 ./Core/Src/sysmem.o
 .bss.hlpuart1  0x0000000020000654       0x94 ./Core/Src/usart.o
                0x0000000020000654                hlpuart1
 .bss.huart4    0x00000000200006e8       0x94 ./Core/Src/usart.o
                0x00000000200006e8                huart4
 .bss.huart1    0x000000002000077c       0x94 ./Core/Src/usart.o
                0x000000002000077c                huart1
 .bss.huart2    0x0000000020000810       0x94 ./Core/Src/usart.o
                0x0000000020000810                huart2
 .bss.huart3    0x00000000200008a4       0x94 ./Core/Src/usart.o
                0x00000000200008a4                huart3
 .bss.uwTick    0x0000000020000938        0x4 ./Drivers/STM32U5xx_HAL_Driver/Src/stm32u5xx_hal.o
                0x0000000020000938                uwTick
 .bss.__sf      0x000000002000093c      0x138 C:/ST/STM32CubeIDE_1.14.1/STM32CubeIDE/plugins/com.st.stm32cube.ide.mcu.externaltools.gnu-tools-for-stm32.11.3.rel1.win32_1.1.100.202309141235/tools/bin/../lib/gcc/arm-none-eabi/11.3.1/../../../../arm-none-eabi/lib/thumb/v8-m.main+fp/hard\libc_nano.a(libc_a-findfp.o)
                0x000000002000093c                __sf
 .bss.errno     0x0000000020000a74        0x4 C:/ST/STM32CubeIDE_1.14.1/STM32CubeIDE/plugins/com.st.stm32cube.ide.mcu.externaltools.gnu-tools-for-stm32.11.3.rel1.win32_1.1.100.202309141235/tools/bin/../lib/gcc/arm-none-eabi/11.3.1/../../../../arm-none-eabi/lib/thumb/v8-m.main+fp/hard\libc_nano.a(libc_a-reent.o)
                0x0000000020000a74                errno
 .bss.__lock___malloc_recursive_mutex
                0x0000000020000a78        0x1 C:/ST/STM32CubeIDE_1.14.1/STM32CubeIDE/plugins/com.st.stm32cube.ide.mcu.externaltools.gnu-tools-for-stm32.11.3.rel1.win32_1.1.100.202309141235/tools/bin/../lib/gcc/arm-none-eabi/11.3.1/../../../../arm-none-eabi/lib/thumb/v8-m.main+fp/hard\libc_nano.a(libc_a-lock.o)
                0x0000000020000a78                __lock___malloc_recursive_mutex
 *fill*         0x0000000020000a79        0x3 
 .bss.__malloc_free_list
                0x0000000020000a7c        0x4 C:/ST/STM32CubeIDE_1.14.1/STM32CubeIDE/plugins/com.st.stm32cube.ide.mcu.externaltools.gnu-tools-for-stm32.11.3.rel1.win32_1.1.100.202309141235/tools/bin/../lib/gcc/arm-none-eabi/11.3.1/../../../../arm-none-eabi/lib/thumb/v8-m.main+fp/hard\libc_nano.a(libc_a-mallocr.o)
                0x0000000020000a7c                __malloc_free_list
 .bss.__malloc_sbrk_start
                0x0000000020000a80        0x4 C:/ST/STM32CubeIDE_1.14.1/STM32CubeIDE/plugins/com.st.stm32cube.ide.mcu.externaltools.gnu-tools-for-stm32.11.3.rel1.win32_1.1.100.202309141235/tools/bin/../lib/gcc/arm-none-eabi/11.3.1/../../../../arm-none-eabi/lib/thumb/v8-m.main+fp/hard\libc_nano.a(libc_a-mallocr.o)
                0x0000000020000a80                __malloc_sbrk_start
 *(COMMON)
                0x0000000020000a84                _ebss = .
                0x0000000020000a84                __bss_end__ = _ebss

._user_heap_stack
                0x0000000020000a84      0x604 load address 0x000000000800d274
                0x0000000020000a88                . = ALIGN (0x8)
 *fill*         0x0000000020000a84        0x4 
                [!provide]                        PROVIDE (end = .)
                0x0000000020000a88                PROVIDE (_end = .)
                0x0000000020000c88                . = (. + _Min_Heap_Size)
 *fill*         0x0000000020000a88      0x200 
                0x0000000020001088                . = (. + _Min_Stack_Size)
 *fill*         0x0000000020000c88      0x400 
                0x0000000020001088                . = ALIGN (0x8)

/DISCARD/
 libc.a(*)
 libm.a(*)
 libgcc.a(*)

.ARM.attributes
                0x0000000000000000       0x36
 *(.ARM.attributes)
 .ARM.attributes
                0x0000000000000000       0x22 C:/ST/STM32CubeIDE_1.14.1/STM32CubeIDE/plugins/com.st.stm32cube.ide.mcu.externaltools.gnu-tools-for-stm32.11.3.rel1.win32_1.1.100.202309141235/tools/bin/../lib/gcc/arm-none-eabi/11.3.1/thumb/v8-m.main+fp/hard/crti.o
 .ARM.attributes
                0x0000000000000022       0x38 C:/ST/STM32CubeIDE_1.14.1/STM32CubeIDE/plugins/com.st.stm32cube.ide.mcu.externaltools.gnu-tools-for-stm32.11.3.rel1.win32_1.1.100.202309141235/tools/bin/../lib/gcc/arm-none-eabi/11.3.1/thumb/v8-m.main+fp/hard/crtbegin.o
 .ARM.attributes
                0x000000000000005a       0x3a ./Core/Src/adc.o
 .ARM.attributes
                0x0000000000000094       0x3a ./Core/Src/gpio.o
 .ARM.attributes
                0x00000000000000ce       0x3a ./Core/Src/i2c.o
 .ARM.attributes
                0x0000000000000108       0x3a ./Core/Src/icache.o
 .ARM.attributes
                0x0000000000000142       0x3a ./Core/Src/main.o
 .ARM.attributes
                0x000000000000017c       0x3a ./Core/Src/rtc.o
 .ARM.attributes
                0x00000000000001b6       0x3a ./Core/Src/sdmmc.o
 .ARM.attributes
                0x00000000000001f0       0x3a ./Core/Src/stm32u5xx_hal_msp.o
 .ARM.attributes
                0x000000000000022a       0x3a ./Core/Src/stm32u5xx_hal_timebase_tim.o
 .ARM.attributes
                0x0000000000000264       0x3a ./Core/Src/stm32u5xx_it.o
 .ARM.attributes
                0x000000000000029e       0x3a ./Core/Src/sysmem.o
 .ARM.attributes
                0x00000000000002d8       0x3a ./Core/Src/system_stm32u5xx.o
 .ARM.attributes
                0x0000000000000312       0x3a ./Core/Src/usart.o
 .ARM.attributes
                0x000000000000034c       0x24 ./Core/Startup/startup_stm32u575ritx.o
 .ARM.attributes
                0x0000000000000370       0x3a ./Drivers/STM32U5xx_HAL_Driver/Src/stm32u5xx_hal.o
 .ARM.attributes
                0x00000000000003aa       0x3a ./Drivers/STM32U5xx_HAL_Driver/Src/stm32u5xx_hal_adc.o
 .ARM.attributes
                0x00000000000003e4       0x3a ./Drivers/STM32U5xx_HAL_Driver/Src/stm32u5xx_hal_cortex.o
 .ARM.attributes
                0x000000000000041e       0x3a ./Drivers/STM32U5xx_HAL_Driver/Src/stm32u5xx_hal_dma.o
 .ARM.attributes
                0x0000000000000458       0x3a ./Drivers/STM32U5xx_HAL_Driver/Src/stm32u5xx_hal_gpio.o
 .ARM.attributes
                0x0000000000000492       0x3a ./Drivers/STM32U5xx_HAL_Driver/Src/stm32u5xx_hal_i2c.o
 .ARM.attributes
                0x00000000000004cc       0x3a ./Drivers/STM32U5xx_HAL_Driver/Src/stm32u5xx_hal_i2c_ex.o
 .ARM.attributes
                0x0000000000000506       0x3a ./Drivers/STM32U5xx_HAL_Driver/Src/stm32u5xx_hal_icache.o
 .ARM.attributes
                0x0000000000000540       0x3a ./Drivers/STM32U5xx_HAL_Driver/Src/stm32u5xx_hal_pwr.o
 .ARM.attributes
                0x000000000000057a       0x3a ./Drivers/STM32U5xx_HAL_Driver/Src/stm32u5xx_hal_pwr_ex.o
 .ARM.attributes
                0x00000000000005b4       0x3a ./Drivers/STM32U5xx_HAL_Driver/Src/stm32u5xx_hal_rcc.o
 .ARM.attributes
                0x00000000000005ee       0x3a ./Drivers/STM32U5xx_HAL_Driver/Src/stm32u5xx_hal_rcc_ex.o
 .ARM.attributes
                0x0000000000000628       0x3a ./Drivers/STM32U5xx_HAL_Driver/Src/stm32u5xx_hal_rtc.o
 .ARM.attributes
                0x0000000000000662       0x3a ./Drivers/STM32U5xx_HAL_Driver/Src/stm32u5xx_hal_rtc_ex.o
 .ARM.attributes
                0x000000000000069c       0x3a ./Drivers/STM32U5xx_HAL_Driver/Src/stm32u5xx_hal_sd.o
 .ARM.attributes
                0x00000000000006d6       0x3a ./Drivers/STM32U5xx_HAL_Driver/Src/stm32u5xx_hal_tim.o
 .ARM.attributes
                0x0000000000000710       0x3a ./Drivers/STM32U5xx_HAL_Driver/Src/stm32u5xx_hal_tim_ex.o
 .ARM.attributes
                0x000000000000074a       0x3a ./Drivers/STM32U5xx_HAL_Driver/Src/stm32u5xx_hal_uart.o
 .ARM.attributes
                0x0000000000000784       0x3a ./Drivers/STM32U5xx_HAL_Driver/Src/stm32u5xx_hal_uart_ex.o
 .ARM.attributes
                0x00000000000007be       0x3a ./Drivers/STM32U5xx_HAL_Driver/Src/stm32u5xx_ll_sdmmc.o
 .ARM.attributes
                0x00000000000007f8       0x38 C:/ST/STM32CubeIDE_1.14.1/STM32CubeIDE/plugins/com.st.stm32cube.ide.mcu.externaltools.gnu-tools-for-stm32.11.3.rel1.win32_1.1.100.202309141235/tools/bin/../lib/gcc/arm-none-eabi/11.3.1/../../../../arm-none-eabi/lib/thumb/v8-m.main+fp/hard\libc_nano.a(libc_a-findfp.o)
 .ARM.attributes
                0x0000000000000830       0x38 C:/ST/STM32CubeIDE_1.14.1/STM32CubeIDE/plugins/com.st.stm32cube.ide.mcu.externaltools.gnu-tools-for-stm32.11.3.rel1.win32_1.1.100.202309141235/tools/bin/../lib/gcc/arm-none-eabi/11.3.1/../../../../arm-none-eabi/lib/thumb/v8-m.main+fp/hard\libc_nano.a(libc_a-sprintf.o)
 .ARM.attributes
                0x0000000000000868       0x38 C:/ST/STM32CubeIDE_1.14.1/STM32CubeIDE/plugins/com.st.stm32cube.ide.mcu.externaltools.gnu-tools-for-stm32.11.3.rel1.win32_1.1.100.202309141235/tools/bin/../lib/gcc/arm-none-eabi/11.3.1/../../../../arm-none-eabi/lib/thumb/v8-m.main+fp/hard\libc_nano.a(libc_a-memset.o)
 .ARM.attributes
                0x00000000000008a0       0x38 C:/ST/STM32CubeIDE_1.14.1/STM32CubeIDE/plugins/com.st.stm32cube.ide.mcu.externaltools.gnu-tools-for-stm32.11.3.rel1.win32_1.1.100.202309141235/tools/bin/../lib/gcc/arm-none-eabi/11.3.1/../../../../arm-none-eabi/lib/thumb/v8-m.main+fp/hard\libc_nano.a(libc_a-reent.o)
 .ARM.attributes
                0x00000000000008d8       0x38 C:/ST/STM32CubeIDE_1.14.1/STM32CubeIDE/plugins/com.st.stm32cube.ide.mcu.externaltools.gnu-tools-for-stm32.11.3.rel1.win32_1.1.100.202309141235/tools/bin/../lib/gcc/arm-none-eabi/11.3.1/../../../../arm-none-eabi/lib/thumb/v8-m.main+fp/hard\libc_nano.a(libc_a-impure.o)
 .ARM.attributes
                0x0000000000000910       0x38 C:/ST/STM32CubeIDE_1.14.1/STM32CubeIDE/plugins/com.st.stm32cube.ide.mcu.externaltools.gnu-tools-for-stm32.11.3.rel1.win32_1.1.100.202309141235/tools/bin/../lib/gcc/arm-none-eabi/11.3.1/../../../../arm-none-eabi/lib/thumb/v8-m.main+fp/hard\libc_nano.a(libc_a-errno.o)
 .ARM.attributes
                0x0000000000000948       0x38 C:/ST/STM32CubeIDE_1.14.1/STM32CubeIDE/plugins/com.st.stm32cube.ide.mcu.externaltools.gnu-tools-for-stm32.11.3.rel1.win32_1.1.100.202309141235/tools/bin/../lib/gcc/arm-none-eabi/11.3.1/../../../../arm-none-eabi/lib/thumb/v8-m.main+fp/hard\libc_nano.a(libc_a-init.o)
 .ARM.attributes
                0x0000000000000980       0x38 C:/ST/STM32CubeIDE_1.14.1/STM32CubeIDE/plugins/com.st.stm32cube.ide.mcu.externaltools.gnu-tools-for-stm32.11.3.rel1.win32_1.1.100.202309141235/tools/bin/../lib/gcc/arm-none-eabi/11.3.1/../../../../arm-none-eabi/lib/thumb/v8-m.main+fp/hard\libc_nano.a(libc_a-lock.o)
 .ARM.attributes
                0x00000000000009b8       0x17 C:/ST/STM32CubeIDE_1.14.1/STM32CubeIDE/plugins/com.st.stm32cube.ide.mcu.externaltools.gnu-tools-for-stm32.11.3.rel1.win32_1.1.100.202309141235/tools/bin/../lib/gcc/arm-none-eabi/11.3.1/../../../../arm-none-eabi/lib/thumb/v8-m.main+fp/hard\libc_nano.a(libc_a-strlen.o)
 .ARM.attributes
                0x00000000000009cf       0x38 C:/ST/STM32CubeIDE_1.14.1/STM32CubeIDE/plugins/com.st.stm32cube.ide.mcu.externaltools.gnu-tools-for-stm32.11.3.rel1.win32_1.1.100.202309141235/tools/bin/../lib/gcc/arm-none-eabi/11.3.1/../../../../arm-none-eabi/lib/thumb/v8-m.main+fp/hard\libc_nano.a(libc_a-freer.o)
 .ARM.attributes
                0x0000000000000a07       0x38 C:/ST/STM32CubeIDE_1.14.1/STM32CubeIDE/plugins/com.st.stm32cube.ide.mcu.externaltools.gnu-tools-for-stm32.11.3.rel1.win32_1.1.100.202309141235/tools/bin/../lib/gcc/arm-none-eabi/11.3.1/../../../../arm-none-eabi/lib/thumb/v8-m.main+fp/hard\libc_nano.a(libc_a-mallocr.o)
 .ARM.attributes
                0x0000000000000a3f       0x38 C:/ST/STM32CubeIDE_1.14.1/STM32CubeIDE/plugins/com.st.stm32cube.ide.mcu.externaltools.gnu-tools-for-stm32.11.3.rel1.win32_1.1.100.202309141235/tools/bin/../lib/gcc/arm-none-eabi/11.3.1/../../../../arm-none-eabi/lib/thumb/v8-m.main+fp/hard\libc_nano.a(libc_a-mlock.o)
 .ARM.attributes
                0x0000000000000a77       0x38 C:/ST/STM32CubeIDE_1.14.1/STM32CubeIDE/plugins/com.st.stm32cube.ide.mcu.externaltools.gnu-tools-for-stm32.11.3.rel1.win32_1.1.100.202309141235/tools/bin/../lib/gcc/arm-none-eabi/11.3.1/../../../../arm-none-eabi/lib/thumb/v8-m.main+fp/hard\libc_nano.a(libc_a-nano-svfprintf.o)
 .ARM.attributes
                0x0000000000000aaf       0x38 C:/ST/STM32CubeIDE_1.14.1/STM32CubeIDE/plugins/com.st.stm32cube.ide.mcu.externaltools.gnu-tools-for-stm32.11.3.rel1.win32_1.1.100.202309141235/tools/bin/../lib/gcc/arm-none-eabi/11.3.1/../../../../arm-none-eabi/lib/thumb/v8-m.main+fp/hard\libc_nano.a(libc_a-nano-vfprintf_i.o)
 .ARM.attributes
                0x0000000000000ae7       0x38 C:/ST/STM32CubeIDE_1.14.1/STM32CubeIDE/plugins/com.st.stm32cube.ide.mcu.externaltools.gnu-tools-for-stm32.11.3.rel1.win32_1.1.100.202309141235/tools/bin/../lib/gcc/arm-none-eabi/11.3.1/../../../../arm-none-eabi/lib/thumb/v8-m.main+fp/hard\libc_nano.a(libc_a-memmove.o)
 .ARM.attributes
                0x0000000000000b1f       0x38 C:/ST/STM32CubeIDE_1.14.1/STM32CubeIDE/plugins/com.st.stm32cube.ide.mcu.externaltools.gnu-tools-for-stm32.11.3.rel1.win32_1.1.100.202309141235/tools/bin/../lib/gcc/arm-none-eabi/11.3.1/../../../../arm-none-eabi/lib/thumb/v8-m.main+fp/hard\libc_nano.a(libc_a-sbrkr.o)
 .ARM.attributes
                0x0000000000000b57       0x38 C:/ST/STM32CubeIDE_1.14.1/STM32CubeIDE/plugins/com.st.stm32cube.ide.mcu.externaltools.gnu-tools-for-stm32.11.3.rel1.win32_1.1.100.202309141235/tools/bin/../lib/gcc/arm-none-eabi/11.3.1/../../../../arm-none-eabi/lib/thumb/v8-m.main+fp/hard\libc_nano.a(libc_a-memchr-stub.o)
 .ARM.attributes
                0x0000000000000b8f       0x38 C:/ST/STM32CubeIDE_1.14.1/STM32CubeIDE/plugins/com.st.stm32cube.ide.mcu.externaltools.gnu-tools-for-stm32.11.3.rel1.win32_1.1.100.202309141235/tools/bin/../lib/gcc/arm-none-eabi/11.3.1/../../../../arm-none-eabi/lib/thumb/v8-m.main+fp/hard\libc_nano.a(libc_a-memcpy-stub.o)
 .ARM.attributes
                0x0000000000000bc7       0x38 C:/ST/STM32CubeIDE_1.14.1/STM32CubeIDE/plugins/com.st.stm32cube.ide.mcu.externaltools.gnu-tools-for-stm32.11.3.rel1.win32_1.1.100.202309141235/tools/bin/../lib/gcc/arm-none-eabi/11.3.1/../../../../arm-none-eabi/lib/thumb/v8-m.main+fp/hard\libc_nano.a(libc_a-reallocr.o)
 .ARM.attributes
                0x0000000000000bff       0x38 C:/ST/STM32CubeIDE_1.14.1/STM32CubeIDE/plugins/com.st.stm32cube.ide.mcu.externaltools.gnu-tools-for-stm32.11.3.rel1.win32_1.1.100.202309141235/tools/bin/../lib/gcc/arm-none-eabi/11.3.1/../../../../arm-none-eabi/lib/thumb/v8-m.main+fp/hard\libc_nano.a(libc_a-msizer.o)
 .ARM.attributes
                0x0000000000000c37       0x22 C:/ST/STM32CubeIDE_1.14.1/STM32CubeIDE/plugins/com.st.stm32cube.ide.mcu.externaltools.gnu-tools-for-stm32.11.3.rel1.win32_1.1.100.202309141235/tools/bin/../lib/gcc/arm-none-eabi/11.3.1/thumb/v8-m.main+fp/hard\libgcc.a(_aeabi_uldivmod.o)
 .ARM.attributes
                0x0000000000000c59       0x38 C:/ST/STM32CubeIDE_1.14.1/STM32CubeIDE/plugins/com.st.stm32cube.ide.mcu.externaltools.gnu-tools-for-stm32.11.3.rel1.win32_1.1.100.202309141235/tools/bin/../lib/gcc/arm-none-eabi/11.3.1/thumb/v8-m.main+fp/hard\libgcc.a(_udivmoddi4.o)
 .ARM.attributes
                0x0000000000000c91       0x22 C:/ST/STM32CubeIDE_1.14.1/STM32CubeIDE/plugins/com.st.stm32cube.ide.mcu.externaltools.gnu-tools-for-stm32.11.3.rel1.win32_1.1.100.202309141235/tools/bin/../lib/gcc/arm-none-eabi/11.3.1/thumb/v8-m.main+fp/hard\libgcc.a(_dvmd_tls.o)
 .ARM.attributes
                0x0000000000000cb3       0x22 C:/ST/STM32CubeIDE_1.14.1/STM32CubeIDE/plugins/com.st.stm32cube.ide.mcu.externaltools.gnu-tools-for-stm32.11.3.rel1.win32_1.1.100.202309141235/tools/bin/../lib/gcc/arm-none-eabi/11.3.1/thumb/v8-m.main+fp/hard/crtn.o
OUTPUT(shutdown-2a.elf elf32-littlearm)
LOAD linker stubs
LOAD C:/ST/STM32CubeIDE_1.14.1/STM32CubeIDE/plugins/com.st.stm32cube.ide.mcu.externaltools.gnu-tools-for-stm32.11.3.rel1.win32_1.1.100.202309141235/tools/bin/../lib/gcc/arm-none-eabi/11.3.1/../../../../arm-none-eabi/lib/thumb/v8-m.main+fp/hard\libc.a
LOAD C:/ST/STM32CubeIDE_1.14.1/STM32CubeIDE/plugins/com.st.stm32cube.ide.mcu.externaltools.gnu-tools-for-stm32.11.3.rel1.win32_1.1.100.202309141235/tools/bin/../lib/gcc/arm-none-eabi/11.3.1/../../../../arm-none-eabi/lib/thumb/v8-m.main+fp/hard\libm.a
LOAD C:/ST/STM32CubeIDE_1.14.1/STM32CubeIDE/plugins/com.st.stm32cube.ide.mcu.externaltools.gnu-tools-for-stm32.11.3.rel1.win32_1.1.100.202309141235/tools/bin/../lib/gcc/arm-none-eabi/11.3.1/thumb/v8-m.main+fp/hard\libgcc.a

.comment        0x0000000000000000       0x43
 .comment       0x0000000000000000       0x43 C:/ST/STM32CubeIDE_1.14.1/STM32CubeIDE/plugins/com.st.stm32cube.ide.mcu.externaltools.gnu-tools-for-stm32.11.3.rel1.win32_1.1.100.202309141235/tools/bin/../lib/gcc/arm-none-eabi/11.3.1/thumb/v8-m.main+fp/hard/crtbegin.o
                                         0x44 (size before relaxing)
 .comment       0x0000000000000043       0x44 ./Core/Src/adc.o
 .comment       0x0000000000000043       0x44 ./Core/Src/gpio.o
 .comment       0x0000000000000043       0x44 ./Core/Src/i2c.o
 .comment       0x0000000000000043       0x44 ./Core/Src/icache.o
 .comment       0x0000000000000043       0x44 ./Core/Src/main.o
 .comment       0x0000000000000043       0x44 ./Core/Src/rtc.o
 .comment       0x0000000000000043       0x44 ./Core/Src/sdmmc.o
 .comment       0x0000000000000043       0x44 ./Core/Src/stm32u5xx_hal_msp.o
 .comment       0x0000000000000043       0x44 ./Core/Src/stm32u5xx_hal_timebase_tim.o
 .comment       0x0000000000000043       0x44 ./Core/Src/stm32u5xx_it.o
 .comment       0x0000000000000043       0x44 ./Core/Src/sysmem.o
 .comment       0x0000000000000043       0x44 ./Core/Src/system_stm32u5xx.o
 .comment       0x0000000000000043       0x44 ./Core/Src/usart.o
 .comment       0x0000000000000043       0x44 ./Drivers/STM32U5xx_HAL_Driver/Src/stm32u5xx_hal.o
 .comment       0x0000000000000043       0x44 ./Drivers/STM32U5xx_HAL_Driver/Src/stm32u5xx_hal_adc.o
 .comment       0x0000000000000043       0x44 ./Drivers/STM32U5xx_HAL_Driver/Src/stm32u5xx_hal_cortex.o
 .comment       0x0000000000000043       0x44 ./Drivers/STM32U5xx_HAL_Driver/Src/stm32u5xx_hal_dma.o
 .comment       0x0000000000000043       0x44 ./Drivers/STM32U5xx_HAL_Driver/Src/stm32u5xx_hal_gpio.o
 .comment       0x0000000000000043       0x44 ./Drivers/STM32U5xx_HAL_Driver/Src/stm32u5xx_hal_i2c.o
 .comment       0x0000000000000043       0x44 ./Drivers/STM32U5xx_HAL_Driver/Src/stm32u5xx_hal_i2c_ex.o
 .comment       0x0000000000000043       0x44 ./Drivers/STM32U5xx_HAL_Driver/Src/stm32u5xx_hal_icache.o
 .comment       0x0000000000000043       0x44 ./Drivers/STM32U5xx_HAL_Driver/Src/stm32u5xx_hal_pwr.o
 .comment       0x0000000000000043       0x44 ./Drivers/STM32U5xx_HAL_Driver/Src/stm32u5xx_hal_pwr_ex.o
 .comment       0x0000000000000043       0x44 ./Drivers/STM32U5xx_HAL_Driver/Src/stm32u5xx_hal_rcc.o
 .comment       0x0000000000000043       0x44 ./Drivers/STM32U5xx_HAL_Driver/Src/stm32u5xx_hal_rcc_ex.o
 .comment       0x0000000000000043       0x44 ./Drivers/STM32U5xx_HAL_Driver/Src/stm32u5xx_hal_rtc.o
 .comment       0x0000000000000043       0x44 ./Drivers/STM32U5xx_HAL_Driver/Src/stm32u5xx_hal_rtc_ex.o
 .comment       0x0000000000000043       0x44 ./Drivers/STM32U5xx_HAL_Driver/Src/stm32u5xx_hal_sd.o
 .comment       0x0000000000000043       0x44 ./Drivers/STM32U5xx_HAL_Driver/Src/stm32u5xx_hal_tim.o
 .comment       0x0000000000000043       0x44 ./Drivers/STM32U5xx_HAL_Driver/Src/stm32u5xx_hal_tim_ex.o
 .comment       0x0000000000000043       0x44 ./Drivers/STM32U5xx_HAL_Driver/Src/stm32u5xx_hal_uart.o
 .comment       0x0000000000000043       0x44 ./Drivers/STM32U5xx_HAL_Driver/Src/stm32u5xx_hal_uart_ex.o
 .comment       0x0000000000000043       0x44 ./Drivers/STM32U5xx_HAL_Driver/Src/stm32u5xx_ll_sdmmc.o

.debug_info     0x0000000000000000    0x28664
 .debug_info    0x0000000000000000     0x142e ./Core/Src/adc.o
 .debug_info    0x000000000000142e      0x969 ./Core/Src/gpio.o
 .debug_info    0x0000000000001d97     0x1154 ./Core/Src/i2c.o
 .debug_info    0x0000000000002eeb      0x1a5 ./Core/Src/icache.o
 .debug_info    0x0000000000003090     0x2016 ./Core/Src/main.o
 .debug_info    0x00000000000050a6      0xdaa ./Core/Src/rtc.o
 .debug_info    0x0000000000005e50     0x1161 ./Core/Src/sdmmc.o
 .debug_info    0x0000000000006fb1      0x415 ./Core/Src/stm32u5xx_hal_msp.o
 .debug_info    0x00000000000073c6     0x116b ./Core/Src/stm32u5xx_hal_timebase_tim.o
 .debug_info    0x0000000000008531     0x11b9 ./Core/Src/stm32u5xx_it.o